Component: ARM Compiler 5.06 update 6 (build 750) Tool: armlink [4d35ed]

==============================================================================

Section Cross References

    main.o(i.UARTx_Getc) refers to stm32f10x_usart.o(i.USART_ReceiveData) for USART_ReceiveData
    main.o(i.USART1_IRQHandler) refers to scanf1.o(x$fpl$scanf1) for _scanf_real
    main.o(i.USART1_IRQHandler) refers to _scanf_int.o(.text) for _scanf_int
    main.o(i.USART1_IRQHandler) refers to stm32f10x_usart.o(i.USART_GetITStatus) for USART_GetITStatus
    main.o(i.USART1_IRQHandler) refers to main.o(i.UARTx_Getc) for UARTx_Getc
    main.o(i.USART1_IRQHandler) refers to main.o(i.uart_SendStr) for uart_SendStr
    main.o(i.USART1_IRQHandler) refers to __0sscanf.o(.text) for __0sscanf
    main.o(i.USART1_IRQHandler) refers to rt_memclr.o(.text) for __aeabi_memclr
    main.o(i.USART1_IRQHandler) refers to main.o(.data) for vrc_Getc
    main.o(i.USART1_IRQHandler) refers to main.o(.bss) for vrc_Res
    main.o(i.docnhietdo) refers to dht11.o(i.DHT11_Init) for DHT11_Init
    main.o(i.docnhietdo) refers to dht11.o(i.DHT11_Read_Data) for DHT11_Read_Data
    main.o(i.docnhietdo) refers to fflt_clz.o(x$fpl$ffltu) for __aeabi_ui2f
    main.o(i.docnhietdo) refers to fdiv.o(x$fpl$fdiv) for __aeabi_fdiv
    main.o(i.docnhietdo) refers to faddsub_clz.o(x$fpl$fadd) for __aeabi_fadd
    main.o(i.docnhietdo) refers to queue.o(i.xQueueGenericSend) for xQueueGenericSend
    main.o(i.docnhietdo) refers to step.o(i.delayMs) for delayMs
    main.o(i.docnhietdo) refers to main.o(.data) for TCD
    main.o(i.dongco) refers to stm32f10x_rcc.o(i.RCC_APB2PeriphClockCmd) for RCC_APB2PeriphClockCmd
    main.o(i.dongco) refers to stm32f10x_gpio.o(i.GPIO_Init) for GPIO_Init
    main.o(i.dongco) refers to stm32f10x_gpio.o(i.GPIO_SetBits) for GPIO_SetBits
    main.o(i.dongco) refers to step.o(i.delayMs) for delayMs
    main.o(i.dongco) refers to stm32f10x_gpio.o(i.GPIO_ResetBits) for GPIO_ResetBits
    main.o(i.dongco) refers to main.o(.data) for GPIO_Structure
    main.o(i.gpio_Init) refers to stm32f10x_rcc.o(i.RCC_APB2PeriphClockCmd) for RCC_APB2PeriphClockCmd
    main.o(i.gpio_Init) refers to stm32f10x_gpio.o(i.GPIO_Init) for GPIO_Init
    main.o(i.gpio_Init) refers to main.o(.data) for GPIO_Structure
    main.o(i.main) refers to queue.o(i.xQueueGenericCreate) for xQueueGenericCreate
    main.o(i.main) refers to system_stm32f10x.o(i.SystemInit) for SystemInit
    main.o(i.main) refers to system_stm32f10x.o(i.SystemCoreClockUpdate) for SystemCoreClockUpdate
    main.o(i.main) refers to tasks.o(i.xTaskCreate) for xTaskCreate
    main.o(i.main) refers to tasks.o(i.vTaskStartScheduler) for vTaskStartScheduler
    main.o(i.main) refers to main.o(.data) for displayQueue
    main.o(i.main) refers to main.o(i.mainmenu) for mainmenu
    main.o(i.main) refers to main.o(i.truyen_nhan) for truyen_nhan
    main.o(i.main) refers to main.o(i.dongco) for dongco
    main.o(i.main) refers to main.o(i.docnhietdo) for docnhietdo
    main.o(i.mainmenu) refers to _printf_percent.o(.ARM.Collect$$_printf_percent$$00000000) for _printf_percent
    main.o(i.mainmenu) refers to _printf_f.o(.ARM.Collect$$_printf_percent$$00000003) for _printf_f
    main.o(i.mainmenu) refers to printf1.o(x$fpl$printf1) for _printf_fp_dec
    main.o(i.mainmenu) refers to systick_time.o(i.systick_init) for systick_init
    main.o(i.mainmenu) refers to main.o(i.gpio_Init) for gpio_Init
    main.o(i.mainmenu) refers to lcd_1602_drive.o(i.lcd_i2c_init) for lcd_i2c_init
    main.o(i.mainmenu) refers to queue.o(i.xQueueReceive) for xQueueReceive
    main.o(i.mainmenu) refers to f2d.o(x$fpl$f2d) for __aeabi_f2d
    main.o(i.mainmenu) refers to noretval__2sprintf.o(.text) for __2sprintf
    main.o(i.mainmenu) refers to stm32f10x_gpio.o(i.GPIO_ReadInputDataBit) for GPIO_ReadInputDataBit
    main.o(i.mainmenu) refers to lcd_1602_drive.o(i.lcd_i2c_cmd) for lcd_i2c_cmd
    main.o(i.mainmenu) refers to systick_time.o(i.DelayMs) for DelayMs
    main.o(i.mainmenu) refers to lcd_1602_drive.o(i.lcd_i2c_msg) for lcd_i2c_msg
    main.o(i.mainmenu) refers to main.o(i.mannhietdo) for mannhietdo
    main.o(i.mainmenu) refers to main.o(i.setting) for setting
    main.o(i.mainmenu) refers to main.o(.data) for sensorreceive2
    main.o(i.mainmenu) refers to main.o(.bss) for Temp1
    main.o(i.mannhietdo) refers to lcd_1602_drive.o(i.lcd_i2c_msg) for lcd_i2c_msg
    main.o(i.mannhietdo) refers to main.o(.bss) for Temp1
    main.o(i.mansetting1) refers to _printf_percent.o(.ARM.Collect$$_printf_percent$$00000000) for _printf_percent
    main.o(i.mansetting1) refers to _printf_f.o(.ARM.Collect$$_printf_percent$$00000003) for _printf_f
    main.o(i.mansetting1) refers to printf1.o(x$fpl$printf1) for _printf_fp_dec
    main.o(i.mansetting1) refers to f2d.o(x$fpl$f2d) for __aeabi_f2d
    main.o(i.mansetting1) refers to noretval__2sprintf.o(.text) for __2sprintf
[...]
    xTickCount                               0x200000c0   Data           4  tasks.o(.data)
    uxTopReadyPriority                       0x200000c4   Data           4  tasks.o(.data)
    xSchedulerRunning                        0x200000c8   Data           4  tasks.o(.data)
    xPendedTicks                             0x200000cc   Data           4  tasks.o(.data)
    xYieldPending                            0x200000d0   Data           4  tasks.o(.data)
    xNumOfOverflows                          0x200000d4   Data           4  tasks.o(.data)
    uxTaskNumber                             0x200000d8   Data           4  tasks.o(.data)
    xNextTaskUnblockTime                     0x200000dc   Data           4  tasks.o(.data)
    xIdleTaskHandle                          0x200000e0   Data           4  tasks.o(.data)
    uxSchedulerSuspended                     0x200000e8   Data           4  tasks.o(.data)
    .data                                    0x200000ec   Section       20  timers.o(.data)
    pxCurrentTimerList                       0x200000ec   Data           4  timers.o(.data)
    pxOverflowTimerList                      0x200000f0   Data           4  timers.o(.data)
    xTimerQueue                              0x200000f4   Data           4  timers.o(.data)
    xTimerTaskHandle                         0x200000f8   Data           4  timers.o(.data)
    xLastTime                                0x200000fc   Data           4  timers.o(.data)
    .bss                                     0x20000100   Section      320  main.o(.bss)
    .bss                                     0x20000240   Section      916  clib_arm.o(.bss)
    os_libspace                              0x20000240   Data         480  clib_arm.o(.bss)
    os_libspace_id                           0x20000420   Data          16  clib_arm.o(.bss)
    clib_mutex_cb                            0x20000430   Data         400  clib_arm.o(.bss)
    clib_mutex_id                            0x200005c0   Data          20  clib_arm.o(.bss)
    .bss                                     0x200005d4   Section     1016  cmsis_os2.o(.bss)
    Idle_TCB                                 0x200005d4   Data          92  cmsis_os2.o(.bss)
    Idle_Stack                               0x20000630   Data         512  cmsis_os2.o(.bss)
    Timer_TCB                                0x20000830   Data          92  cmsis_os2.o(.bss)
    Timer_Stack                              0x2000088c   Data         320  cmsis_os2.o(.bss)
    .bss                                     0x200009cc   Section     8192  heap_4.o(.bss)
    ucHeap                                   0x200009cc   Data        8192  heap_4.o(.bss)
    .bss                                     0x200029cc   Section     1220  tasks.o(.bss)
    pxReadyTasksLists                        0x200029cc   Data        1120  tasks.o(.bss)
    xDelayedTaskList1                        0x20002e2c   Data          20  tasks.o(.bss)
    xDelayedTaskList2                        0x20002e40   Data          20  tasks.o(.bss)
    xPendingReadyList                        0x20002e54   Data          20  tasks.o(.bss)
    xTasksWaitingTermination                 0x20002e68   Data          20  tasks.o(.bss)
    xSuspendedTaskList                       0x20002e7c   Data          20  tasks.o(.bss)
    .bss                                     0x20002e90   Section      200  timers.o(.bss)
    xActiveTimerList1                        0x20002e90   Data          20  timers.o(.bss)
    xActiveTimerList2                        0x20002ea4   Data          20  timers.o(.bss)
    xStaticTimerQueue                        0x20002eb8   Data          80  timers.o(.bss)
    ucStaticTimerQueueStorage                0x20002f08   Data          80  timers.o(.bss)
    .bss                                     0x20002f58   Section       96  libspace.o(.bss)
    HEAP                                     0x20002fb8   Section      512  startup_stm32f10x_md.o(HEAP)
    Heap_Mem                                 0x20002fb8   Data         512  startup_stm32f10x_md.o(HEAP)
    STACK                                    0x200031b8   Section     1024  startup_stm32f10x_md.o(STACK)
    Stack_Mem                                0x200031b8   Data        1024  startup_stm32f10x_md.o(STACK)
    __initial_sp                             0x200035b8   Data           0  startup_stm32f10x_md.o(STACK)

    Global Symbols

    Symbol Name                              Value     Ov Type        Size  Object(Section)

    BuildAttributes$$THM_ISAv4$P$D$K$B$S$PE$A:L22UL41UL21$X:L11$S22US41US21$IEEE1$IW$USESV6$~STKCKD$USESV7$~SHL$OTIME$ROPI$IEEEX$EBA8$UX$STANDARDLIB$REQ8$PRES8$EABIv2 0x00000000   Number         0  anon$$obj.o ABSOLUTE
    __ARM_use_no_argv                        0x00000000   Number         0  main.o ABSOLUTE
    _printf_flags                            0x00000000   Number         0  printf_stubs.o ABSOLUTE
    _printf_return_value                     0x00000000   Number         0  printf_stubs.o ABSOLUTE
    _printf_sizespec                         0x00000000   Number         0  printf_stubs.o ABSOLUTE
    _printf_widthprec                        0x00000000   Number         0  printf_stubs.o ABSOLUTE
    __ARM_exceptions_init                     - Undefined Weak Reference
    __alloca_initialize                       - Undefined Weak Reference
    __arm_preinit_                            - Undefined Weak Reference
    __cpp_initialize__aeabi_                  - Undefined Weak Reference
    __cxa_finalize                            - Undefined Weak Reference
    __sigvec_lookup                           - Undefined Weak Reference
    _atexit_init                              - Undefined Weak Reference
    _call_atexit_fns                          - Undefined Weak Reference
    _clock_init                               - Undefined Weak Reference
    _fp_trap_init                             - Undefined Weak Reference
    _fp_trap_shutdown                         - Undefined Weak Reference
    _get_lc_collate                           - Undefined Weak Reference
    _get_lc_monetary                          - Undefined Weak Reference
    _get_lc_time                              - Undefined Weak Reference
    _getenv_init                              - Undefined Weak Reference
    _handle_redirection                       - Undefined Weak Reference
    _init_alloc                               - Undefined Weak Reference
    _init_user_alloc                          - Undefined Weak Reference
    _initio                                   - Undefined Weak Reference
    _printf_post_padding                      - Undefined Weak Reference
    _printf_pre_padding                       - Undefined Weak Reference
    _printf_truncate_signed                   - Undefined Weak Reference
    _printf_truncate_unsigned                 - Undefined Weak Reference
    _rand_init                                - Undefined Weak Reference
    _scanf_longlong                           - Undefined Weak Reference
    _scanf_mbtowc                             - Undefined Weak Reference
    _scanf_string                             - Undefined Weak Reference
    _scanf_wctomb                             - Undefined Weak Reference
    _scanf_wstring                            - Undefined Weak Reference
    _signal_finish                            - Undefined Weak Reference
    _signal_init                              - Undefined Weak Reference
    _terminate_alloc                          - Undefined Weak Reference
    _terminate_user_alloc                     - Undefined Weak Reference
    _terminateio                              - Undefined Weak Reference
    __Vectors_Size                           0x000000ec   Number         0  startup_stm32f10x_md.o ABSOLUTE
    __Vectors                                0x08000000   Data           4  startup_stm32f10x_md.o(RESET)
    __Vectors_End                            0x080000ec   Data           0  startup_stm32f10x_md.o(RESET)
    __main                                   0x080000ed   Thumb Code     8  __main.o(!!!main)
    __scatterload                            0x080000f5   Thumb Code     0  __scatter.o(!!!scatter)
    __scatterload_rt2                        0x080000f5   Thumb Code    44  __scatter.o(!!!scatter)
    __scatterload_rt2_thumb_only             0x080000f5   Thumb Code     0  __scatter.o(!!!scatter)
    __scatterload_null                       0x08000103   Thumb Code     0  __scatter.o(!!!scatter)
    __scatterload_copy                       0x08000129   Thumb Code    26  __scatter_copy.o(!!handler_copy)
    __scatterload_zeroinit                   0x08000145   Thumb Code    28  __scatter_zi.o(!!handler_zi)
    _printf_f                                0x08000161   Thumb Code     0  _printf_f.o(.ARM.Collect$$_printf_percent$$00000003)
    _printf_percent                          0x08000161   Thumb Code     0  _printf_percent.o(.ARM.Collect$$_printf_percent$$00000000)
    _printf_d                                0x08000167   Thumb Code     0  _printf_d.o(.ARM.Collect$$_printf_percent$$00000009)
    _printf_percent_end                      0x0800016d   Thumb Code     0  _printf_percent_end.o(.ARM.Collect$$_printf_percent$$00000017)
    __rt_lib_init                            0x08000171   Thumb Code     0  libinit.o(.ARM.Collect$$libinit$$00000000)
    __rt_lib_init_fp_1                       0x08000173   Thumb Code     0  libinit2.o(.ARM.Collect$$libinit$$00000002)
    __rt_lib_init_heap_1                     0x08000173   Thumb Code     0  libinit2.o(.ARM.Collect$$libinit$$0000000A)
    __rt_lib_init_lc_common                  0x08000173   Thumb Code     0  libinit2.o(.ARM.Collect$$libinit$$0000000F)
    __rt_lib_init_preinit_1                  0x08000173   Thumb Code     0  libinit2.o(.ARM.Collect$$libinit$$00000004)
    __rt_lib_init_rand_1                     0x08000173   Thumb Code     0  libinit2.o(.ARM.Collect$$libinit$$0000000E)
    __rt_lib_init_user_alloc_1               0x08000173   Thumb Code     0  libinit2.o(.ARM.Collect$$libinit$$0000000C)
    __rt_lib_init_lc_collate_1               0x08000179   Thumb Code     0  libinit2.o(.ARM.Collect$$libinit$$00000011)
    __rt_lib_init_lc_ctype_2                 0x08000179   Thumb Code     0  libinit2.o(.ARM.Collect$$libinit$$00000012)
    __rt_lib_init_lc_ctype_1                 0x08000185   Thumb Code     0  libinit2.o(.ARM.Collect$$libinit$$00000013)
    __rt_lib_init_lc_monetary_1              0x08000185   Thumb Code     0  libinit2.o(.ARM.Collect$$libinit$$00000015)
    __rt_lib_init_lc_numeric_2               0x08000185   Thumb Code     0  libinit2.o(.ARM.Collect$$libinit$$00000016)
    __rt_lib_init_alloca_1                   0x0800018f   Thumb Code     0  libinit2.o(.ARM.Collect$$libinit$$0000002E)
    __rt_lib_init_argv_1                     0x0800018f   Thumb Code     0  libinit2.o(.ARM.Collect$$libinit$$0000002C)
    __rt_lib_init_atexit_1                   0x0800018f   Thumb Code     0  libinit2.o(.ARM.Collect$$libinit$$0000001B)
    __rt_lib_init_clock_1                    0x0800018f   Thumb Code     0  libinit2.o(.ARM.Collect$$libinit$$00000021)
    __rt_lib_init_cpp_1                      0x0800018f   Thumb Code     0  libinit2.o(.ARM.Collect$$libinit$$00000032)
    __rt_lib_init_exceptions_1               0x0800018f   Thumb Code     0  libinit2.o(.ARM.Collect$$libinit$$00000030)
    __rt_lib_init_fp_trap_1                  0x0800018f   Thumb Code     0  libinit2.o(.ARM.Collect$$libinit$$0000001F)
    __rt_lib_init_getenv_1                   0x0800018f   Thumb Code     0  libinit2.o(.ARM.Collect$$libinit$$00000023)
    __rt_lib_init_lc_numeric_1               0x0800018f   Thumb Code     0  libinit2.o(.ARM.Collect$$libinit$$00000017)
    __rt_lib_init_lc_time_1                  0x0800018f   Thumb Code     0  libinit2.o(.ARM.Collect$$libinit$$00000019)
    __rt_lib_init_return                     0x0800018f   Thumb Code     0  libinit2.o(.ARM.Collect$$libinit$$00000033)
    __rt_lib_init_signal_1                   0x0800018f   Thumb Code     0  libinit2.o(.ARM.Collect$$libinit$$0000001D)
    __rt_lib_init_stdio_1                    0x0800018f   Thumb Code     0  libinit2.o(.ARM.Collect$$libinit$$00000025)
    __rt_lib_shutdown                        0x08000191   Thumb Code     0  libshutdown.o(.ARM.Collect$$libshutdown$$00000000)
    __rt_lib_shutdown_cpp_1                  0x08000193   Thumb Code     0  libshutdown2.o(.ARM.Collect$$libshutdown$$00000002)
    __rt_lib_shutdown_fp_trap_1              0x08000193   Thumb Code     0  libshutdown2.o(.ARM.Collect$$libshutdown$$00000007)
    __rt_lib_shutdown_heap_1                 0x08000193   Thumb Code     0  libshutdown2.o(.ARM.Collect$$libshutdown$$0000000F)
    __rt_lib_shutdown_return                 0x08000193   Thumb Code     0  libshutdown2.o(.ARM.Collect$$libshutdown$$00000010)
    __rt_lib_shutdown_signal_1               0x08000193   Thumb Code     0  libshutdown2.o(.ARM.Collect$$libshutdown$$0000000A)
    __rt_lib_shutdown_stdio_1                0x08000193   Thumb Code     0  libshutdown2.o(.ARM.Collect$$libshutdown$$00000004)
    __rt_lib_shutdown_user_alloc_1           0x08000193   Thumb Code     0  libshutdown2.o(.ARM.Collect$$libshutdown$$0000000C)
    __rt_entry                               0x08000195   Thumb Code     0  __rtentry.o(.ARM.Collect$$rtentry$$00000000)
    __rt_entry_presh_1                       0x08000195   Thumb Code     0  __rtentry2.o(.ARM.Collect$$rtentry$$00000002)
    __rt_entry_sh                            0x08000195   Thumb Code     0  __rtentry4.o(.ARM.Collect$$rtentry$$00000004)
    __rt_entry_postsh_1                      0x0800019b   Thumb Code     0  __rtentry2.o(.ARM.Collect$$rtentry$$00000008)
    __rt_entry_li                            0x080001a3   Thumb Code     0  __rtentry2.o(.ARM.Collect$$rtentry$$0000000A)
    __rt_entry_main                          0x080001a7   Thumb Code     0  __rtentry2.o(.ARM.Collect$$rtentry$$0000000D)
    __rt_entry_postli_1                      0x080001a7   Thumb Code     0  __rtentry2.o(.ARM.Collect$$rtentry$$0000000C)
    __rt_exit                                0x080001af   Thumb Code     0  rtexit.o(.ARM.Collect$$rtexit$$00000000)
    __rt_exit_ls                             0x080001b1   Thumb Code     0  rtexit2.o(.ARM.Collect$$rtexit$$00000003)
    __rt_exit_prels_1                        0x080001b1   Thumb Code     0  rtexit2.o(.ARM.Collect$$rtexit$$00000002)
    __rt_exit_exit                           0x080001b5   Thumb Code     0  rtexit2.o(.ARM.Collect$$rtexit$$00000004)
    SVC_Handler                              0x080001bd   Thumb Code    32  port.o(.emb_text)
    __asm___6_port_c_39a90d8d__prvStartFirstTask 0x080001e1   Thumb Code    28  port.o(.emb_text)
    PendSV_Handler                           0x08000201   Thumb Code    72  port.o(.emb_text)
    vPortGetIPSR                             0x0800024d   Thumb Code     6  port.o(.emb_text)
    Reset_Handler                            0x08000255   Thumb Code     8  startup_stm32f10x_md.o(.text)
    NMI_Handler                              0x0800025d   Thumb Code     2  startup_stm32f10x_md.o(.text)
    HardFault_Handler                        0x0800025f   Thumb Code     2  startup_stm32f10x_md.o(.text)
    MemManage_Handler                        0x08000261   Thumb Code     2  startup_stm32f10x_md.o(.text)
    BusFault_Handler                         0x08000263   Thumb Code     2  startup_stm32f10x_md.o(.text)
    UsageFault_Handler                       0x08000265   Thumb Code     2  startup_stm32f10x_md.o(.text)
    DebugMon_Handler                         0x08000269   Thumb Code     2  startup_stm32f10x_md.o(.text)
    ADC1_2_IRQHandler                        0x0800026f   Thumb Code     0  startup_stm32f10x_md.o(.text)
    CAN1_RX1_IRQHandler                      0x0800026f   Thumb Code     0  startup_stm32f10x_md.o(.text)
    CAN1_SCE_IRQHandler                      0x0800026f   Thumb Code     0  startup_stm32f10x_md.o(.text)
    DMA1_Channel1_IRQHandler                 0x0800026f   Thumb Code     0  startup_stm32f10x_md.o(.text)
    DMA1_Channel2_IRQHandler                 0x0800026f   Thumb Code     0  startup_stm32f10x_md.o(.text)
    DMA1_Channel3_IRQHandler                 0x0800026f   Thumb Code     0  startup_stm32f10x_md.o(.text)
    DMA1_Channel4_IRQHandler                 0x0800026f   Thumb Code     0  startup_stm32f10x_md.o(.text)
    DMA1_Channel5_IRQHandler                 0x0800026f   Thumb Code     0  startup_stm32f10x_md.o(.text)
    DMA1_Channel6_IRQHandler                 0x0800026f   Thumb Code     0  startup_stm32f10x_md.o(.text)
    DMA1_Channel7_IRQHandler                 0x0800026f   Thumb Code     0  startup_stm32f10x_md.o(.text)
    EXTI0_IRQHandler                         0x0800026f   Thumb Code     0  startup_stm32f10x_md.o(.text)
    EXTI15_10_IRQHandler                     0x0800026f   Thumb Code     0  startup_stm32f10x_md.o(.text)
    EXTI1_IRQHandler                         0x0800026f   Thumb Code     0  startup_stm32f10x_md.o(.text)
    EXTI2_IRQHandler                         0x0800026f   Thumb Code     0  startup_stm32f10x_md.o(.text)
    EXTI3_IRQHandler                         0x0800026f   Thumb Code     0  startup_stm32f10x_md.o(.text)
    EXTI4_IRQHandler                         0x0800026f   Thumb Code     0  startup_stm32f10x_md.o(.text)
    EXTI9_5_IRQHandler                       0x0800026f   Thumb Code     0  startup_stm32f10x_md.o(.text)
    FLASH_IRQHandler                         0x0800026f   Thumb Code     0  startup_stm32f10x_md.o(.text)
    I2C1_ER_IRQHandler                       0x0800026f   Thumb Code     0  startup_stm32f10x_md.o(.text)
    I2C1_EV_IRQHandler                       0x0800026f   Thumb Code     0  startup_stm32f10x_md.o(.text)
    I2C2_ER_IRQHandler                       0x0800026f   Thumb Code     0  startup_stm32f10x_md.o(.text)
    I2C2_EV_IRQHandler                       0x0800026f   Thumb Code     0  startup_stm32f10x_md.o(.text)
    PVD_IRQHandler                           0x0800026f   Thumb Code     0  startup_stm32f10x_md.o(.text)
    RCC_IRQHandler                           0x0800026f   Thumb Code     0  startup_stm32f10x_md.o(.text)
    RTCAlarm_IRQHandler                      0x0800026f   Thumb Code     0  startup_stm32f10x_md.o(.text)
    RTC_IRQHandler                           0x0800026f   Thumb Code     0  startup_stm32f10x_md.o(.text)
    SPI1_IRQHandler                          0x0800026f   Thumb Code     0  startup_stm32f10x_md.o(.text)
    SPI2_IRQHandler                          0x0800026f   Thumb Code     0  startup_stm32f10x_md.o(.text)
    TAMPER_IRQHandler                        0x0800026f   Thumb Code     0  startup_stm32f10x_md.o(.text)
    TIM1_BRK_IRQHandler                      0x0800026f   Thumb Code     0  startup_stm32f10x_md.o(.text)
    TIM1_CC_IRQHandler                       0x0800026f   Thumb Code     0  startup_stm32f10x_md.o(.text)
    TIM1_TRG_COM_IRQHandler                  0x0800026f   Thumb Code     0  startup_stm32f10x_md.o(.text)
    TIM1_UP_IRQHandler                       0x0800026f   Thumb Code     0  startup_stm32f10x_md.o(.text)
    TIM2_IRQHandler                          0x0800026f   Thumb Code     0  startup_stm32f10x_md.o(.text)
    TIM3_IRQHandler                          0x0800026f   Thumb Code     0  startup_stm32f10x_md.o(.text)
    TIM4_IRQHandler                          0x0800026f   Thumb Code     0  startup_stm32f10x_md.o(.text)
    USART2_IRQHandler                        0x0800026f   Thumb Code     0  startup_stm32f10x_md.o(.text)
    USART3_IRQHandler                        0x0800026f   Thumb Code     0  startup_stm32f10x_md.o(.text)
    USBWakeUp_IRQHandler                     0x0800026f   Thumb Code     0  startup_stm32f10x_md.o(.text)
    USB_HP_CAN1_TX_IRQHandler                0x0800026f   Thumb Code     0  startup_stm32f10x_md.o(.text)
    USB_LP_CAN1_RX0_IRQHandler               0x0800026f   Thumb Code     0  startup_stm32f10x_md.o(.text)
    WWDG_IRQHandler                          0x0800026f   Thumb Code     0  startup_stm32f10x_md.o(.text)
    __user_initial_stackheap                 0x08000271   Thumb Code     0  startup_stm32f10x_md.o(.text)
    __2sprintf                               0x08000295   Thumb Code    34  noretval__2sprintf.o(.text)
    _printf_int_dec                          0x080002bd   Thumb Code   104  _printf_dec.o(.text)
    __printf                                 0x08000335   Thumb Code   270  __printf_wp.o(.text)
    __0sscanf                                0x08000445   Thumb Code    52  __0sscanf.o(.text)
    _scanf_int                               0x08000481   Thumb Code   332  _scanf_int.o(.text)
    __aeabi_memcpy                           0x080005cd   Thumb Code     0  rt_memcpy_v6.o(.text)
    __rt_memcpy                              0x080005cd   Thumb Code   138  rt_memcpy_v6.o(.text)
    _memcpy_lastbytes                        0x08000633   Thumb Code     0  rt_memcpy_v6.o(.text)
    __aeabi_memset                           0x08000657   Thumb Code    16  aeabi_memset.o(.text)
    __aeabi_memclr                           0x08000667   Thumb Code     0  rt_memclr.o(.text)
    __rt_memclr                              0x08000667   Thumb Code    68  rt_memclr.o(.text)
    _memset                                  0x0800066b   Thumb Code     0  rt_memclr.o(.text)
    __aeabi_memclr4                          0x080006ab   Thumb Code     0  rt_memclr_w.o(.text)
    __aeabi_memclr8                          0x080006ab   Thumb Code     0  rt_memclr_w.o(.text)
    __rt_memclr_w                            0x080006ab   Thumb Code    78  rt_memclr_w.o(.text)
    _memset_w                                0x080006af   Thumb Code     0  rt_memclr_w.o(.text)
    __use_two_region_memory                  0x080006f9   Thumb Code     2  heapauxi.o(.text)
    __rt_heap_escrow$2region                 0x080006fb   Thumb Code     2  heapauxi.o(.text)
    __rt_heap_expand$2region                 0x080006fd   Thumb Code     2  heapauxi.o(.text)
    _printf_int_common                       0x080006ff   Thumb Code   178  _printf_intcommon.o(.text)
    __lib_sel_fp_printf                      0x080007b1   Thumb Code     2  _printf_fp_dec.o(.text)
    _printf_fp_dec_real                      0x08000963   Thumb Code   620  _printf_fp_dec.o(.text)
    _printf_char_common                      0x08000bdb   Thumb Code    32  _printf_char_common.o(.text)
    _sputc                                   0x08000c01   Thumb Code    10  _sputc.o(.text)
    _chval                                   0x08000c0b   Thumb Code    28  _chval.o(.text)
    _scanf_really_real                       0x08000e75   Thumb Code   684  scanf_fp.o(.text)
    __vfscanf_char                           0x0800112d   Thumb Code    24  scanf_char.o(.text)
    _sgetc                                   0x0800114d   Thumb Code    30  _sgetc.o(.text)
    _sbackspace                              0x0800116b   Thumb Code    34  _sgetc.o(.text)
    __aeabi_memcpy4                          0x0800118d   Thumb Code     0  rt_memcpy_w.o(.text)
    __aeabi_memcpy8                          0x0800118d   Thumb Code     0  rt_memcpy_w.o(.text)
    __rt_memcpy_w                            0x0800118d   Thumb Code   100  rt_memcpy_w.o(.text)
    _memcpy_lastbytes_aligned                0x080011d5   Thumb Code     0  rt_memcpy_w.o(.text)
    __rt_locale                              0x080011f1   Thumb Code    10  rt_locale_twolibspace.o(.text)
    __aeabi_errno_addr                       0x080011fb   Thumb Code     4  rt_errno_addr_twolibspace.o(.text)
    __errno$twolibspace                      0x080011fb   Thumb Code     0  rt_errno_addr_twolibspace.o(.text)
    __rt_errno_addr$twolibspace              0x080011fb   Thumb Code     0  rt_errno_addr_twolibspace.o(.text)
    _ll_udiv10                               0x080011ff   Thumb Code   138  lludiv10.o(.text)
    isspace                                  0x08001289   Thumb Code    18  isspace.o(.text)
    _printf_fp_infnan                        0x0800129d   Thumb Code   112  _printf_fp_infnan.o(.text)
    __vfscanf                                0x0800131d   Thumb Code   878  _scanf.o(.text)
    _btod_etento                             0x08001691   Thumb Code   224  bigflt0.o(.text)
    __user_libspace                          0x08001775   Thumb Code     8  libspace.o(.text)
    __user_perproc_libspace                  0x08001775   Thumb Code     0  libspace.o(.text)
    __user_setup_stackheap                   0x0800177d   Thumb Code    74  sys_stackheap_outer.o(.text)
    __rt_ctype_table                         0x080017c9   Thumb Code    16  rt_ctype_table.o(.text)
    __read_errno                             0x080017d9   Thumb Code    10  _rserrno.o(.text)
    __set_errno                              0x080017e3   Thumb Code    12  _rserrno.o(.text)
    _scanf_really_hex_real                   0x080017f1   Thumb Code   786  scanf_hexfp.o(.text)
    _scanf_really_infnan                     0x08001b11   Thumb Code   292  scanf_infnan.o(.text)
    exit                                     0x08001c45   Thumb Code    18  exit.o(.text)
    strcmp                                   0x08001c59   Thumb Code   128  strcmpv7m.o(.text)
    __aeabi_llsl                             0x08001cd9   Thumb Code     0  llshl.o(.text)
    _ll_shift_l                              0x08001cd9   Thumb Code    38  llshl.o(.text)
    _sys_exit                                0x08001d01   Thumb Code     8  sys_exit.o(.text)
    __I$use$semihosting                      0x08001d0d   Thumb Code     0  use_no_semi.o(.text)
    __use_no_semihosting_swi                 0x08001d0d   Thumb Code     2  use_no_semi.o(.text)
    __semihosting_library_function           0x08001d0f   Thumb Code     0  indicate_semi.o(.text)
    _btod_d2e                                0x08001d0f   Thumb Code    62  btod.o(CL$$btod_d2e)
    _d2e_denorm_low                          0x08001d4d   Thumb Code    70  btod.o(CL$$btod_d2e_denorm_low)
    _d2e_norm_op1                            0x08001d93   Thumb Code    96  btod.o(CL$$btod_d2e_norm_op1)
    __btod_div_common                        0x08001df3   Thumb Code   696  btod.o(CL$$btod_div_common)
    _e2d                                     0x0800212d   Thumb Code   122  btod.o(CL$$btod_e2d)
    _e2e                                     0x080021b1   Thumb Code   220  btod.o(CL$$btod_e2e)
    _btod_ediv                               0x0800228d   Thumb Code    42  btod.o(CL$$btod_ediv)
    _btod_edivd                              0x080022b7   Thumb Code    42  btod.o(CL$$btod_edivd)
    _btod_emul                               0x080022e1   Thumb Code    42  btod.o(CL$$btod_emul)
    _btod_emuld                              0x0800230b   Thumb Code    42  btod.o(CL$$btod_emuld)
    __btod_mult_common                       0x08002335   Thumb Code   580  btod.o(CL$$btod_mult_common)
    DHT11_Check                              0x08002579   Thumb Code    82  dht11.o(i.DHT11_Check)
    DHT11_Init                               0x080025d1   Thumb Code    40  dht11.o(i.DHT11_Init)
    DHT11_Pin_In                             0x08002601   Thumb Code    24  dht11.o(i.DHT11_Pin_In)
    DHT11_Pin_Out                            0x0800261d   Thumb Code    24  dht11.o(i.DHT11_Pin_Out)
    DHT11_Read_Bit                           0x08002639   Thumb Code    82  dht11.o(i.DHT11_Read_Bit)
    DHT11_Read_Byte                          0x08002691   Thumb Code    32  dht11.o(i.DHT11_Read_Byte)
    DHT11_Read_Data                          0x080026b1   Thumb Code   112  dht11.o(i.DHT11_Read_Data)
    DHT11_Rst                                0x08002721   Thumb Code    44  dht11.o(i.DHT11_Rst)
    DelayMillis                              0x08002751   Thumb Code    30  systick_time.o(i.DelayMillis)
    DelayMs                                  0x08002775   Thumb Code    18  systick_time.o(i.DelayMs)
    DelayUs                                  0x08002787   Thumb Code    18  systick_time.o(i.DelayUs)
    Delaymicro                               0x08002799   Thumb Code    30  systick_time.o(i.Delaymicro)
    GPIO_Init                                0x080027b7   Thumb Code   278  stm32f10x_gpio.o(i.GPIO_Init)
    GPIO_ReadInputDataBit                    0x080028cd   Thumb Code    18  stm32f10x_gpio.o(i.GPIO_ReadInputDataBit)
    GPIO_ResetBits                           0x080028df   Thumb Code     4  stm32f10x_gpio.o(i.GPIO_ResetBits)
    GPIO_SetBits                             0x080028e3   Thumb Code     4  stm32f10x_gpio.o(i.GPIO_SetBits)
    PCF8574_add                              0x080028e7   Thumb Code    18  pcf8574_drive.o(i.PCF8574_add)
    PCF8574_tx_byte                          0x080028f9   Thumb Code    36  pcf8574_drive.o(i.PCF8574_tx_byte)
    RCC_APB2PeriphClockCmd                   0x0800291d   Thumb Code    26  stm32f10x_rcc.o(i.RCC_APB2PeriphClockCmd)
    RCC_GetClocksFreq                        0x0800293d   Thumb Code   192  stm32f10x_rcc.o(i.RCC_GetClocksFreq)
    SysTick_Handler                          0x08002af9   Thumb Code    22  cmsis_os2.o(i.SysTick_Handler)
    SystemCoreClockUpdate                    0x08002b11   Thumb Code   142  system_stm32f10x.o(i.SystemCoreClockUpdate)
    SystemInit                               0x08002bb5   Thumb Code    78  system_stm32f10x.o(i.SystemInit)
    UARTx_Getc                               0x08002c15   Thumb Code    12  main.o(i.UARTx_Getc)
    USART1_IRQHandler                        0x08002c21   Thumb Code   194  main.o(i.USART1_IRQHandler)
    USART_Cmd                                0x08002d09   Thumb Code    24  stm32f10x_usart.o(i.USART_Cmd)
    USART_GetFlagStatus                      0x08002d21   Thumb Code    26  stm32f10x_usart.o(i.USART_GetFlagStatus)
    USART_GetITStatus                        0x08002d3b   Thumb Code    84  stm32f10x_usart.o(i.USART_GetITStatus)
    USART_ITConfig                           0x08002d8f   Thumb Code    74  stm32f10x_usart.o(i.USART_ITConfig)
    USART_Init                               0x08002dd9   Thumb Code   210  stm32f10x_usart.o(i.USART_Init)
    USART_ReceiveData                        0x08002eb1   Thumb Code    10  stm32f10x_usart.o(i.USART_ReceiveData)
    USART_SendData                           0x08002ebb   Thumb Code     8  stm32f10x_usart.o(i.USART_SendData)
    __ARM_fpclassify                         0x08002ec3   Thumb Code    40  fpclassify.o(i.__ARM_fpclassify)
    __mathlib_dbl_overflow                   0x08002eeb   Thumb Code    14  dunder.o(i.__mathlib_dbl_overflow)
    __mathlib_dbl_underflow                  0x08002ef9   Thumb Code    10  dunder.o(i.__mathlib_dbl_underflow)
    __mathlib_narrow                         0x08002f09   Thumb Code    16  narrow.o(i.__mathlib_narrow)
    __mathlib_tofloat                        0x08002f19   Thumb Code   184  narrow.o(i.__mathlib_tofloat)
    __support_ldexp                          0x08002fd5   Thumb Code    22  ldexp.o(i.__support_ldexp)
    __user_perthread_libspace                0x08002fed   Thumb Code    88  clib_arm.o(i.__user_perthread_libspace)
    _is_digit                                0x08003051   Thumb Code    14  __printf_wp.o(i._is_digit)
    _mutex_acquire                           0x0800305f   Thumb Code    22  clib_arm.o(i._mutex_acquire)
    _mutex_free                              0x08003075   Thumb Code    46  clib_arm.o(i._mutex_free)
    _mutex_initialize                        0x080030a9   Thumb Code    86  clib_arm.o(i._mutex_initialize)
    _mutex_release                           0x08003109   Thumb Code    24  clib_arm.o(i._mutex_release)
    _platform_post_stackheap_init            0x08003121   Thumb Code     2  clib_arm.o(i._platform_post_stackheap_init)
    delayMs                                  0x08003123   Thumb Code    24  step.o(i.delayMs)
    docnhietdo                               0x0800313d   Thumb Code   138  main.o(i.docnhietdo)
    dongco                                   0x080031ed   Thumb Code    88  main.o(i.dongco)
    frexp                                    0x08003259   Thumb Code    80  frexp.o(i.frexp)
    gpio_Init                                0x080032b1   Thumb Code    52  main.o(i.gpio_Init)
    i2c_add                                  0x080032ed   Thumb Code   156  i2c_drive.o(i.i2c_add)
    i2c_data                                 0x08003391   Thumb Code    80  i2c_drive.o(i.i2c_data)
    i2c_init                                 0x080033e9   Thumb Code   208  i2c_drive.o(i.i2c_init)
    i2c_start                                0x080034c5   Thumb Code    68  i2c_drive.o(i.i2c_start)
    i2c_stop                                 0x08003511   Thumb Code    74  i2c_drive.o(i.i2c_stop)
    init_GP                                  0x08003565   Thumb Code   164  gp_drive.o(i.init_GP)
    lcd_i2c_cmd                              0x08003619   Thumb Code   128  lcd_1602_drive.o(i.lcd_i2c_cmd)
    lcd_i2c_data                             0x08003699   Thumb Code   128  lcd_1602_drive.o(i.lcd_i2c_data)
    lcd_i2c_init                             0x08003719   Thumb Code   294  lcd_1602_drive.o(i.lcd_i2c_init)
    lcd_i2c_msg                              0x0800383f   Thumb Code    84  lcd_1602_drive.o(i.lcd_i2c_msg)
    lcd_i2c_send                             0x08003893   Thumb Code    34  lcd_1602_drive.o(i.lcd_i2c_send)
    ldexp                                    0x080038b5   Thumb Code   116  ldexp.o(i.ldexp)
    main                                     0x08003929   Thumb Code   124  main.o(i.main)
    mainmenu                                 0x080039ed   Thumb Code   200  main.o(i.mainmenu)
    mannhietdo                               0x08003b0d   Thumb Code    28  main.o(i.mannhietdo)
    mansetting1                              0x08003b31   Thumb Code    90  main.o(i.mansetting1)
    pvPortMalloc                             0x08004535   Thumb Code   228  heap_4.o(i.pvPortMalloc)
    pvTaskIncrementMutexHeldCount            0x08004631   Thumb Code    26  tasks.o(i.pvTaskIncrementMutexHeldCount)
    pxPortInitialiseStack                    0x08004651   Thumb Code    30  port.o(i.pxPortInitialiseStack)
    setting                                  0x08004675   Thumb Code   228  main.o(i.setting)
    systick_init                             0x08004781   Thumb Code    24  systick_time.o(i.systick_init)
    truyen_nhan                              0x08004799   Thumb Code   102  main.o(i.truyen_nhan)
    uart_Init                                0x08004835   Thumb Code   160  main.o(i.uart_Init)
    uart_SendChar                            0x080048e1   Thumb Code    28  main.o(i.uart_SendChar)
    uart_SendStr                             0x08004901   Thumb Code    22  main.o(i.uart_SendStr)
    uxListRemove                             0x08004917   Thumb Code    40  list.o(i.uxListRemove)
    vApplicationGetIdleTaskMemory            0x08004941   Thumb Code    14  cmsis_os2.o(i.vApplicationGetIdleTaskMemory)
    vApplicationGetTimerTaskMemory           0x08004959   Thumb Code    14  cmsis_os2.o(i.vApplicationGetTimerTaskMemory)
    vApplicationStackOverflowHook            0x08004971   Thumb Code     2  cmsis_os2.o(i.vApplicationStackOverflowHook)
    vListInitialise                          0x08004973   Thumb Code    26  list.o(i.vListInitialise)
    vListInitialiseItem                      0x0800498d   Thumb Code     6  list.o(i.vListInitialiseItem)
    vListInsert                              0x08004993   Thumb Code    52  list.o(i.vListInsert)
    vPortEnterCritical                       0x080049c9   Thumb Code    30  port.o(i.vPortEnterCritical)
    vPortExitCritical                        0x080049ed   Thumb Code    28  port.o(i.vPortExitCritical)
    vPortFree                                0x08004a0d   Thumb Code    74  heap_4.o(i.vPortFree)
    vPortSetupTimerInterrupt                 0x08004a65   Thumb Code    36  port.o(i.vPortSetupTimerInterrupt)
    vQueueDelete                             0x08004a8d   Thumb Code    20  queue.o(i.vQueueDelete)
    vQueueWaitForMessageRestricted           0x08004aa1   Thumb Code    74  queue.o(i.vQueueWaitForMessageRestricted)
    vTaskInternalSetTimeOutState             0x08004aed   Thumb Code    14  tasks.o(i.vTaskInternalSetTimeOutState)
    vTaskMissedYield                         0x08004b05   Thumb Code     8  tasks.o(i.vTaskMissedYield)
    vTaskPlaceOnEventList                    0x08004b11   Thumb Code    28  tasks.o(i.vTaskPlaceOnEventList)
    vTaskPlaceOnEventListRestricted          0x08004b31   Thumb Code    70  tasks.o(i.vTaskPlaceOnEventListRestricted)
    vTaskPriorityDisinheritAfterTimeout      0x08004b7d   Thumb Code   182  tasks.o(i.vTaskPriorityDisinheritAfterTimeout)
    vTaskStartScheduler                      0x08004c3d   Thumb Code   124  tasks.o(i.vTaskStartScheduler)
    vTaskSuspendAll                          0x08004cd9   Thumb Code    12  tasks.o(i.vTaskSuspendAll)
    vTaskSwitchContext                       0x08004ce9   Thumb Code   154  tasks.o(i.vTaskSwitchContext)
    xPortStartScheduler                      0x08004d99   Thumb Code    42  port.o(i.xPortStartScheduler)
    xPortSysTickHandler                      0x08004dcd   Thumb Code    46  port.o(i.xPortSysTickHandler)
    xQueueCreateMutex                        0x08004e01   Thumb Code    34  queue.o(i.xQueueCreateMutex)
    xQueueCreateMutexStatic                  0x08004e23   Thumb Code    42  queue.o(i.xQueueCreateMutexStatic)
    xQueueGenericCreate                      0x08004e4d   Thumb Code    82  queue.o(i.xQueueGenericCreate)
    xQueueGenericCreateStatic                0x08004e9f   Thumb Code    62  queue.o(i.xQueueGenericCreateStatic)
    xQueueGenericReset                       0x08004edd   Thumb Code   156  queue.o(i.xQueueGenericReset)
    xQueueGenericSend                        0x08004f7d   Thumb Code   276  queue.o(i.xQueueGenericSend)
    xQueueReceive                            0x08005095   Thumb Code   256  queue.o(i.xQueueReceive)
    xQueueSemaphoreTake                      0x08005199   Thumb Code   300  queue.o(i.xQueueSemaphoreTake)
    xTaskCheckForTimeOut                     0x080052c9   Thumb Code    88  tasks.o(i.xTaskCheckForTimeOut)
    xTaskCreate                              0x08005329   Thumb Code   100  tasks.o(i.xTaskCreate)
    xTaskCreateStatic                        0x0800538d   Thumb Code    78  tasks.o(i.xTaskCreateStatic)
    xTaskGetCurrentTaskHandle                0x080053dd   Thumb Code     6  tasks.o(i.xTaskGetCurrentTaskHandle)
    xTaskGetSchedulerState                   0x080053e9   Thumb Code    24  tasks.o(i.xTaskGetSchedulerState)
    xTaskGetTickCount                        0x08005409   Thumb Code     6  tasks.o(i.xTaskGetTickCount)
    xTaskIncrementTick                       0x08005415   Thumb Code   354  tasks.o(i.xTaskIncrementTick)
    xTaskPriorityDisinherit                  0x080055a5   Thumb Code   138  tasks.o(i.xTaskPriorityDisinherit)
    xTaskPriorityInherit                     0x08005639   Thumb Code   202  tasks.o(i.xTaskPriorityInherit)
    xTaskRemoveFromEventList                 0x08005711   Thumb Code   238  tasks.o(i.xTaskRemoveFromEventList)
    xTaskResumeAll                           0x08005819   Thumb Code   308  tasks.o(i.xTaskResumeAll)
    xTimerCreateTimerTask                    0x08005971   Thumb Code    76  timers.o(i.xTimerCreateTimerTask)
    _get_lc_numeric                          0x080059d1   Thumb Code    44  lc_numeric_c.o(locale$$code)
    _get_lc_ctype                            0x080059fd   Thumb Code    44  lc_ctype_c.o(locale$$code)
    __aeabi_d2f                              0x08005a29   Thumb Code     0  d2f.o(x$fpl$d2f)
    _d2f                                     0x08005a29   Thumb Code    98  d2f.o(x$fpl$d2f)
    __aeabi_dadd                             0x08005a8d   Thumb Code     0  daddsub_clz.o(x$fpl$dadd)
    _dadd                                    0x08005a8d   Thumb Code   332  daddsub_clz.o(x$fpl$dadd)
    __fpl_dcheck_NaN1                        0x08005bdd   Thumb Code    10  dcheck1.o(x$fpl$dcheck1)
    __fpl_dcmp_Inf                           0x08005bed   Thumb Code    24  dcmpi.o(x$fpl$dcmpinf)
    __aeabi_cdcmpeq                          0x08005c05   Thumb Code     0  deqf.o(x$fpl$deqf)
    _dcmpeq                                  0x08005c05   Thumb Code   120  deqf.o(x$fpl$deqf)
    __aeabi_cdcmple                          0x08005c7d   Thumb Code     0  dleqf.o(x$fpl$dleqf)
    _dcmple                                  0x08005c7d   Thumb Code   120  dleqf.o(x$fpl$dleqf)
    __fpl_dcmple_InfNaN                      0x08005cdf   Thumb Code     0  dleqf.o(x$fpl$dleqf)
    __fpl_dnaninf                            0x08005cf5   Thumb Code   156  dnaninf.o(x$fpl$dnaninf)
    __fpl_dretinf                            0x08005d91   Thumb Code    12  dretinf.o(x$fpl$dretinf)
    __aeabi_cdrcmple                         0x08005d9d   Thumb Code     0  drleqf.o(x$fpl$drleqf)
    _drcmple                                 0x08005d9d   Thumb Code   108  drleqf.o(x$fpl$drleqf)
    __aeabi_dsub                             0x08005e09   Thumb Code     0  daddsub_clz.o(x$fpl$dsub)
    _dsub                                    0x08005e09   Thumb Code   464  daddsub_clz.o(x$fpl$dsub)
    __aeabi_f2d                              0x08005fdd   Thumb Code     0  f2d.o(x$fpl$f2d)
    _f2d                                     0x08005fdd   Thumb Code    86  f2d.o(x$fpl$f2d)
    __aeabi_fadd                             0x08006035   Thumb Code     0  faddsub_clz.o(x$fpl$fadd)
    _fadd                                    0x08006035   Thumb Code   196  faddsub_clz.o(x$fpl$fadd)
    __fpl_fcmp_Inf                           0x080060f9   Thumb Code    24  fcmpi.o(x$fpl$fcmpinf)
    __aeabi_fdiv                             0x08006111   Thumb Code     0  fdiv.o(x$fpl$fdiv)
    _fdiv                                    0x08006111   Thumb Code   384  fdiv.o(x$fpl$fdiv)
    __aeabi_cfcmpeq                          0x08006295   Thumb Code     0  feqf.o(x$fpl$feqf)
    _fcmpeq                                  0x08006295   Thumb Code   104  feqf.o(x$fpl$feqf)
    __aeabi_ui2f                             0x080062fd   Thumb Code     0  fflt_clz.o(x$fpl$ffltu)
    _ffltu                                   0x080062fd   Thumb Code    38  fflt_clz.o(x$fpl$ffltu)
    __aeabi_cfcmple                          0x08006325   Thumb Code     0  fleqf.o(x$fpl$fleqf)
    _fcmple                                  0x08006325   Thumb Code   104  fleqf.o(x$fpl$fleqf)
    __fpl_fcmple_InfNaN                      0x08006377   Thumb Code     0  fleqf.o(x$fpl$fleqf)
    __fpl_fnaninf                            0x0800638d   Thumb Code   140  fnaninf.o(x$fpl$fnaninf)
    __fpl_fretinf                            0x08006419   Thumb Code    10  fretinf.o(x$fpl$fretinf)
    __aeabi_cfrcmple                         0x08006423   Thumb Code     0  frleqf.o(x$fpl$frleqf)
    _frcmple                                 0x08006423   Thumb Code    98  frleqf.o(x$fpl$frleqf)
    __aeabi_fsub                             0x08006485   Thumb Code     0  faddsub_clz.o(x$fpl$fsub)
    _fsub                                    0x08006485   Thumb Code   234  faddsub_clz.o(x$fpl$fsub)
    __ieee_status                            0x0800656f   Thumb Code     6  istatus.o(x$fpl$ieeestatus)
    _printf_fp_dec                           0x08006575   Thumb Code     4  printf1.o(x$fpl$printf1)
    __fpl_return_NaN                         0x08006579   Thumb Code   100  retnan.o(x$fpl$retnan)
    __ARM_scalbn                             0x080065dd   Thumb Code    92  scalbn.o(x$fpl$scalbn)
    _scanf_real                              0x08006639   Thumb Code     4  scanf1.o(x$fpl$scanf1)
    _scanf_hex_real                          0x0800663d   Thumb Code     4  scanf2.o(x$fpl$scanf2)
    _scanf_infnan                            0x08006641   Thumb Code     4  scanf2.o(x$fpl$scanf2)
    __fpl_cmpreturn                          0x08006645   Thumb Code    48  trapv.o(x$fpl$trapveneer)
    __I$use$fp                               0x08006674   Number         0  usenofp.o(x$fpl$usenofp)
    Region$$Table$$Base                      0x08006708   Number         0  anon$$obj.o(Region$$Table)
    Region$$Table$$Limit                     0x08006728   Number         0  anon$$obj.o(Region$$Table)
    __aeabi_HUGE_VAL                         0x08006728   Data           0  fpconst.o(c$$dinf)
    __aeabi_HUGE_VALL                        0x08006728   Data           0  fpconst.o(c$$dinf)
    __aeabi_INFINITY                         0x08006728   Data           0  fpconst.o(c$$dinf)
    __dInf                                   0x08006728   Data           0  fpconst.o(c$$dinf)
    __huge_val                               0x08006728   Data           0  fpconst.o(c$$dinf)
    __dbl_max                                0x08006730   Data           0  fpconst.o(c$$dmax)
    __ctype                                  0x08006761   Data           0  lc_ctype_c.o(locale$$data)
    GPIO_Structure                           0x20000000   Data           4  main.o(.data)
    congtru_tong                             0x20000004   Data           4  main.o(.data)
    RHI                                      0x20000008   Data           1  main.o(.data)
    RHD                                      0x20000009   Data           1  main.o(.data)
    TCI                                      0x2000000a   Data           1  main.o(.data)
    TCD                                      0x2000000b   Data           1  main.o(.data)
    RHI_set                                  0x2000000c   Data           4  main.o(.data)
    TCI_set                                  0x20000010   Data           4  main.o(.data)
    count                                    0x20000014   Data           4  main.o(.data)
    receivetemp                              0x20000018   Data           4  main.o(.data)
    t_dongco                                 0x2000001c   Data           4  main.o(.data)
    vrc_Getc                                 0x20000020   Data           1  main.o(.data)
    vri_stt                                  0x20000021   Data           1  main.o(.data)
    vri_count                                0x20000024   Data           4  main.o(.data)
    lamp                                     0x20000028   Data           4  main.o(.data)
    fan_A                                    0x2000002c   Data           4  main.o(.data)
    fan_B                                    0x20000030   Data           4  main.o(.data)
    motor                                    0x20000034   Data           4  main.o(.data)
    sensorreceive1                           0x20000038   Data           8  main.o(.data)
    sensorreceive2                           0x20000040   Data           8  main.o(.data)
    sensor2_data                             0x20000048   Data           8  main.o(.data)
    sensor1_data                             0x20000050   Data           8  main.o(.data)
    displayQueue                             0x20000058   Data           4  main.o(.data)
    uartQueue                                0x2000005c   Data           4  main.o(.data)
    SystemCoreClock                          0x20000074   Data           4  system_stm32f10x.o(.data)
    AHBPrescTable                            0x20000078   Data          16  system_stm32f10x.o(.data)
    pxCurrentTCB                             0x200000ac   Data           4  tasks.o(.data)
    uxTopUsedPriority                        0x200000e4   Data           4  tasks.o(.data)
    Temp1                                    0x20000100   Data          20  main.o(.bss)
    Temp2                                    0x20000114   Data          20  main.o(.bss)
    Temp3                                    0x20000128   Data          20  main.o(.bss)
    Humi1                                    0x2000013c   Data          20  main.o(.bss)
    Humi2                                    0x20000150   Data          20  main.o(.bss)
    Humi3                                    0x20000164   Data          20  main.o(.bss)
    vrc_Res                                  0x20000178   Data         100  main.o(.bss)
    data                                     0x200001dc   Data         100  main.o(.bss)
    __libspace_start                         0x20002f58   Data          96  libspace.o(.bss)
    __temporary_stack_top$libspace           0x20002fb8   Data           0  libspace.o(.bss)



==============================================================================

Memory Map of the image

  Image Entry point : 0x08000255

  Load Region LR_1 (Base: 0x08000000, Size: 0x00006964, Max: 0xffffffff, ABSOLUTE)

    Execution Region ER_RO (Exec base: 0x08000000, Load base: 0x08000000, Size: 0x00006864, Max: 0xffffffff, ABSOLUTE)

    Exec Addr    Load Addr    Size         Type   Attr      Idx    E Section Name        Object

    0x08000000   0x08000000   0x000000ec   Data   RO         2241    RESET               startup_stm32f10x_md.o
    0x080000ec   0x080000ec   0x00000008   Code   RO         3689  * !!!main             c_w.l(__main.o)
    0x080000f4   0x080000f4   0x00000034   Code   RO         4050    !!!scatter          c_w.l(__scatter.o)
    0x08000128   0x08000128   0x0000001a   Code   RO         4052    !!handler_copy      c_w.l(__scatter_copy.o)
    0x08000142   0x08000142   0x00000002   PAD
    0x08000144   0x08000144   0x0000001c   Code   RO         4054    !!handler_zi        c_w.l(__scatter_zi.o)
    0x08000160   0x08000160   0x00000000   Code   RO         3674    .ARM.Collect$$_printf_percent$$00000000  c_w.l(_printf_percent.o)
    0x08000160   0x08000160   0x00000006   Code   RO         3673    .ARM.Collect$$_printf_percent$$00000003  c_w.l(_printf_f.o)
    0x08000166   0x08000166   0x00000006   Code   RO         3672    .ARM.Collect$$_printf_percent$$00000009  c_w.l(_printf_d.o)
    0x0800016c   0x0800016c   0x00000004   Code   RO         3736    .ARM.Collect$$_printf_percent$$00000017  c_w.l(_printf_percent_end.o)
    0x08000170   0x08000170   0x00000002   Code   RO         3865    .ARM.Collect$$libinit$$00000000  c_w.l(libinit.o)
    0x08000172   0x08000172   0x00000000   Code   RO         3867    .ARM.Collect$$libinit$$00000002  c_w.l(libinit2.o)
    0x08000172   0x08000172   0x00000000   Code   RO         3869    .ARM.Collect$$libinit$$00000004  c_w.l(libinit2.o)
    0x08000172   0x08000172   0x00000000   Code   RO         3872    .ARM.Collect$$libinit$$0000000A  c_w.l(libinit2.o)
    0x08000172   0x08000172   0x00000000   Code   RO         3874    .ARM.Collect$$libinit$$0000000C  c_w.l(libinit2.o)
    0x08000172   0x08000172   0x00000000   Code   RO         3876    .ARM.Collect$$libinit$$0000000E  c_w.l(libinit2.o)
    0x08000172   0x08000172   0x00000006   Code   RO         3877    .ARM.Collect$$libinit$$0000000F  c_w.l(libinit2.o)
    0x08000178   0x08000178   0x00000000   Code   RO         3879    .ARM.Collect$$libinit$$00000011  c_w.l(libinit2.o)
    0x08000178   0x08000178   0x0000000c   Code   RO         3880    .ARM.Collect$$libinit$$00000012  c_w.l(libinit2.o)
    0x08000184   0x08000184   0x00000000   Code   RO         3881    .ARM.Collect$$libinit$$00000013  c_w.l(libinit2.o)
    0x08000184   0x08000184   0x00000000   Code   RO         3883    .ARM.Collect$$libinit$$00000015  c_w.l(libinit2.o)
    0x08000184   0x08000184   0x0000000a   Code   RO         3884    .ARM.Collect$$libinit$$00000016  c_w.l(libinit2.o)
    0x0800018e   0x0800018e   0x00000000   Code   RO         3885    .ARM.Collect$$libinit$$00000017  c_w.l(libinit2.o)
    0x0800018e   0x0800018e   0x00000000   Code   RO         3887    .ARM.Collect$$libinit$$00000019  c_w.l(libinit2.o)
    0x0800018e   0x0800018e   0x00000000   Code   RO         3889    .ARM.Collect$$libinit$$0000001B  c_w.l(libinit2.o)
    0x0800018e   0x0800018e   0x00000000   Code   RO         3891    .ARM.Collect$$libinit$$0000001D  c_w.l(libinit2.o)
    0x0800018e   0x0800018e   0x00000000   Code   RO         3893    .ARM.Collect$$libinit$$0000001F  c_w.l(libinit2.o)
    0x0800018e   0x0800018e   0x00000000   Code   RO         3895    .ARM.Collect$$libinit$$00000021  c_w.l(libinit2.o)
    0x0800018e   0x0800018e   0x00000000   Code   RO         3897    .ARM.Collect$$libinit$$00000023  c_w.l(libinit2.o)
    0x0800018e   0x0800018e   0x00000000   Code   RO         3899    .ARM.Collect$$libinit$$00000025  c_w.l(libinit2.o)
    0x0800018e   0x0800018e   0x00000000   Code   RO         3903    .ARM.Collect$$libinit$$0000002C  c_w.l(libinit2.o)
    0x0800018e   0x0800018e   0x00000000   Code   RO         3905    .ARM.Collect$$libinit$$0000002E  c_w.l(libinit2.o)
    0x0800018e   0x0800018e   0x00000000   Code   RO         3907    .ARM.Collect$$libinit$$00000030  c_w.l(libinit2.o)
    0x0800018e   0x0800018e   0x00000000   Code   RO         3909    .ARM.Collect$$libinit$$00000032  c_w.l(libinit2.o)
    0x0800018e   0x0800018e   0x00000002   Code   RO         3910    .ARM.Collect$$libinit$$00000033  c_w.l(libinit2.o)
    0x08000190   0x08000190   0x00000002   Code   RO         3988    .ARM.Collect$$libshutdown$$00000000  c_w.l(libshutdown.o)
    0x08000192   0x08000192   0x00000000   Code   RO         4007    .ARM.Collect$$libshutdown$$00000002  c_w.l(libshutdown2.o)
    0x08000192   0x08000192   0x00000000   Code   RO         4009    .ARM.Collect$$libshutdown$$00000004  c_w.l(libshutdown2.o)
    0x08000192   0x08000192   0x00000000   Code   RO         4012    .ARM.Collect$$libshutdown$$00000007  c_w.l(libshutdown2.o)
    0x08000192   0x08000192   0x00000000   Code   RO         4015    .ARM.Collect$$libshutdown$$0000000A  c_w.l(libshutdown2.o)
    0x08000192   0x08000192   0x00000000   Code   RO         4017    .ARM.Collect$$libshutdown$$0000000C  c_w.l(libshutdown2.o)
    0x08000192   0x08000192   0x00000000   Code   RO         4020    .ARM.Collect$$libshutdown$$0000000F  c_w.l(libshutdown2.o)
    0x08000192   0x08000192   0x00000002   Code   RO         4021    .ARM.Collect$$libshutdown$$00000010  c_w.l(libshutdown2.o)
    0x08000194   0x08000194   0x00000000   Code   RO         3727    .ARM.Collect$$rtentry$$00000000  c_w.l(__rtentry.o)
    0x08000194   0x08000194   0x00000000   Code   RO         3759    .ARM.Collect$$rtentry$$00000002  c_w.l(__rtentry2.o)
    0x08000194   0x08000194   0x00000006   Code   RO         3771    .ARM.Collect$$rtentry$$00000004  c_w.l(__rtentry4.o)
    0x0800019a   0x0800019a   0x00000008   Code   RO         3760    .ARM.Collect$$rtentry$$00000008  c_w.l(__rtentry2.o)
    0x080001a2   0x080001a2   0x00000004   Code   RO         3762    .ARM.Collect$$rtentry$$0000000A  c_w.l(__rtentry2.o)
    0x080001a6   0x080001a6   0x00000000   Code   RO         3764    .ARM.Collect$$rtentry$$0000000C  c_w.l(__rtentry2.o)
    0x080001a6   0x080001a6   0x00000008   Code   RO         3765    .ARM.Collect$$rtentry$$0000000D  c_w.l(__rtentry2.o)
    0x080001ae   0x080001ae   0x00000002   Code   RO         3919    .ARM.Collect$$rtexit$$00000000  c_w.l(rtexit.o)
    0x080001b0   0x080001b0   0x00000000   Code   RO         3949    .ARM.Collect$$rtexit$$00000002  c_w.l(rtexit2.o)
    0x080001b0   0x080001b0   0x00000004   Code   RO         3950    .ARM.Collect$$rtexit$$00000003  c_w.l(rtexit2.o)
    0x080001b4   0x080001b4   0x00000006   Code   RO         3951    .ARM.Collect$$rtexit$$00000004  c_w.l(rtexit2.o)
    0x080001ba   0x080001ba   0x00000002   PAD
    0x080001bc   0x080001bc   0x00000096   Code   RO         2583    .emb_text           port.o
    0x08000252   0x08000252   0x00000002   PAD
    0x08000254   0x08000254   0x00000040   Code   RO         2242  * .text               startup_stm32f10x_md.o
    0x08000294   0x08000294   0x00000028   Code   RO         3646    .text               c_w.l(noretval__2sprintf.o)
    0x080002bc   0x080002bc   0x00000078   Code   RO         3650    .text               c_w.l(_printf_dec.o)
    0x08000334   0x08000334   0x0000010e   Code   RO         3660    .text               c_w.l(__printf_wp.o)
    0x08000442   0x08000442   0x00000002   PAD
    0x08000444   0x08000444   0x0000003c   Code   RO         3675    .text               c_w.l(__0sscanf.o)
    0x08000480   0x08000480   0x0000014c   Code   RO         3677    .text               c_w.l(_scanf_int.o)
    0x080005cc   0x080005cc   0x0000008a   Code   RO         3679    .text               c_w.l(rt_memcpy_v6.o)
    0x08000656   0x08000656   0x00000010   Code   RO         3681    .text               c_w.l(aeabi_memset.o)
    0x08000666   0x08000666   0x00000044   Code   RO         3683    .text               c_w.l(rt_memclr.o)
    0x080006aa   0x080006aa   0x0000004e   Code   RO         3685    .text               c_w.l(rt_memclr_w.o)
    0x080006f8   0x080006f8   0x00000006   Code   RO         3687    .text               c_w.l(heapauxi.o)
    0x080006fe   0x080006fe   0x000000b2   Code   RO         3728    .text               c_w.l(_printf_intcommon.o)
    0x080007b0   0x080007b0   0x0000041e   Code   RO         3730    .text               c_w.l(_printf_fp_dec.o)
    0x08000bce   0x08000bce   0x00000002   PAD
    0x08000bd0   0x08000bd0   0x00000030   Code   RO         3732    .text               c_w.l(_printf_char_common.o)
    0x08000c00   0x08000c00   0x0000000a   Code   RO         3734    .text               c_w.l(_sputc.o)
    0x08000c0a   0x08000c0a   0x0000001c   Code   RO         3737    .text               c_w.l(_chval.o)
    0x08000c26   0x08000c26   0x00000002   PAD
    0x08000c28   0x08000c28   0x000004f8   Code   RO         3739    .text               c_w.l(scanf_fp.o)
    0x08001120   0x08001120   0x0000002c   Code   RO         3741    .text               c_w.l(scanf_char.o)
    0x0800114c   0x0800114c   0x00000040   Code   RO         3743    .text               c_w.l(_sgetc.o)
    0x0800118c   0x0800118c   0x00000064   Code   RO         3745    .text               c_w.l(rt_memcpy_w.o)
    0x080011f0   0x080011f0   0x0000000a   Code   RO         3778    .text               c_w.l(rt_locale_twolibspace.o)
    0x080011fa   0x080011fa   0x00000004   Code   RO         3785    .text               c_w.l(rt_errno_addr_twolibspace.o)
    0x080011fe   0x080011fe   0x0000008a   Code   RO         3787    .text               c_w.l(lludiv10.o)
    0x08001288   0x08001288   0x00000012   Code   RO         3789    .text               c_w.l(isspace.o)
    0x0800129a   0x0800129a   0x00000002   PAD
    0x0800129c   0x0800129c   0x00000080   Code   RO         3791    .text               c_w.l(_printf_fp_infnan.o)
    0x0800131c   0x0800131c   0x00000374   Code   RO         3795    .text               c_w.l(_scanf.o)
    0x08001690   0x08001690   0x000000e4   Code   RO         3797    .text               c_w.l(bigflt0.o)
    0x08001774   0x08001774   0x00000008   Code   RO         3845    .text               c_w.l(libspace.o)
    0x0800177c   0x0800177c   0x0000004a   Code   RO         3848    .text               c_w.l(sys_stackheap_outer.o)
    0x080017c6   0x080017c6   0x00000002   PAD
    0x080017c8   0x080017c8   0x00000010   Code   RO         3850    .text               c_w.l(rt_ctype_table.o)
    0x080017d8   0x080017d8   0x00000016   Code   RO         3852    .text               c_w.l(_rserrno.o)
    0x080017ee   0x080017ee   0x00000002   PAD
    0x080017f0   0x080017f0   0x00000320   Code   RO         3854    .text               c_w.l(scanf_hexfp.o)
    0x08001b10   0x08001b10   0x00000134   Code   RO         3856    .text               c_w.l(scanf_infnan.o)
    0x08001c44   0x08001c44   0x00000012   Code   RO         3858    .text               c_w.l(exit.o)
    0x08001c56   0x08001c56   0x00000002   PAD
    0x08001c58   0x08001c58   0x00000080   Code   RO         3860    .text               c_w.l(strcmpv7m.o)
    0x08001cd8   0x08001cd8   0x00000026   Code   RO         3921    .text               c_w.l(llshl.o)
    0x08001cfe   0x08001cfe   0x00000002   PAD
    0x08001d00   0x08001d00   0x0000000c   Code   RO         3978    .text               c_w.l(sys_exit.o)
    0x08001d0c   0x08001d0c   0x00000002   Code   RO         3997    .text               c_w.l(use_no_semi.o)
    0x08001d0e   0x08001d0e   0x00000000   Code   RO         3999    .text               c_w.l(indicate_semi.o)
    0x08001d0e   0x08001d0e   0x0000003e   Code   RO         3800    CL$$btod_d2e        c_w.l(btod.o)
    0x08001d4c   0x08001d4c   0x00000046   Code   RO         3802    CL$$btod_d2e_denorm_low  c_w.l(btod.o)
    0x08001d92   0x08001d92   0x00000060   Code   RO         3801    CL$$btod_d2e_norm_op1  c_w.l(btod.o)
    0x08001df2   0x08001df2   0x00000338   Code   RO         3810    CL$$btod_div_common  c_w.l(btod.o)
    0x0800212a   0x0800212a   0x00000002   PAD
    0x0800212c   0x0800212c   0x00000084   Code   RO         3808    CL$$btod_e2d        c_w.l(btod.o)
    0x080021b0   0x080021b0   0x000000dc   Code   RO         3807    CL$$btod_e2e        c_w.l(btod.o)
    0x0800228c   0x0800228c   0x0000002a   Code   RO         3804    CL$$btod_ediv       c_w.l(btod.o)
    0x080022b6   0x080022b6   0x0000002a   Code   RO         3806    CL$$btod_edivd      c_w.l(btod.o)
    0x080022e0   0x080022e0   0x0000002a   Code   RO         3803    CL$$btod_emul       c_w.l(btod.o)
    0x0800230a   0x0800230a   0x0000002a   Code   RO         3805    CL$$btod_emuld      c_w.l(btod.o)
    0x08002334   0x08002334   0x00000244   Code   RO         3809    CL$$btod_mult_common  c_w.l(btod.o)
    0x08002578   0x08002578   0x00000058   Code   RO          573    i.DHT11_Check       dht11.o
    0x080025d0   0x080025d0   0x00000030   Code   RO          574    i.DHT11_Init        dht11.o
    0x08002600   0x08002600   0x0000001c   Code   RO          575    i.DHT11_Pin_In      dht11.o
    0x0800261c   0x0800261c   0x0000001c   Code   RO          576    i.DHT11_Pin_Out     dht11.o
    0x08002638   0x08002638   0x00000058   Code   RO          577    i.DHT11_Read_Bit    dht11.o
    0x08002690   0x08002690   0x00000020   Code   RO          578    i.DHT11_Read_Byte   dht11.o
    0x080026b0   0x080026b0   0x00000070   Code   RO          579    i.DHT11_Read_Data   dht11.o
    0x08002720   0x08002720   0x00000030   Code   RO          580    i.DHT11_Rst         dht11.o
    0x08002750   0x08002750   0x00000024   Code   RO          483    i.DelayMillis       systick_time.o
    0x08002774   0x08002774   0x00000012   Code   RO          484    i.DelayMs           systick_time.o
    0x08002786   0x08002786   0x00000012   Code   RO          485    i.DelayUs           systick_time.o
    0x08002798   0x08002798   0x0000001e   Code   RO          486    i.Delaymicro        systick_time.o
    0x080027b6   0x080027b6   0x00000116   Code   RO         1502    i.GPIO_Init         stm32f10x_gpio.o
    0x080028cc   0x080028cc   0x00000012   Code   RO         1506    i.GPIO_ReadInputDataBit  stm32f10x_gpio.o
    0x080028de   0x080028de   0x00000004   Code   RO         1509    i.GPIO_ResetBits    stm32f10x_gpio.o
    0x080028e2   0x080028e2   0x00000004   Code   RO         1510    i.GPIO_SetBits      stm32f10x_gpio.o
    0x080028e6   0x080028e6   0x00000012   Code   RO          543    i.PCF8574_add       pcf8574_drive.o
    0x080028f8   0x080028f8   0x00000024   Code   RO          544    i.PCF8574_tx_byte   pcf8574_drive.o
    0x0800291c   0x0800291c   0x00000020   Code   RO         1842    i.RCC_APB2PeriphClockCmd  stm32f10x_rcc.o
    0x0800293c   0x0800293c   0x000000d4   Code   RO         1850    i.RCC_GetClocksFreq  stm32f10x_rcc.o
    0x08002a10   0x08002a10   0x00000008   Code   RO         2249    i.SetSysClock       system_stm32f10x.o
    0x08002a18   0x08002a18   0x000000e0   Code   RO         2250    i.SetSysClockTo72   system_stm32f10x.o
    0x08002af8   0x08002af8   0x00000016   Code   RO          836    i.SysTick_Handler   cmsis_os2.o
    0x08002b0e   0x08002b0e   0x00000002   PAD
    0x08002b10   0x08002b10   0x000000a4   Code   RO         2251    i.SystemCoreClockUpdate  system_stm32f10x.o
    0x08002bb4   0x08002bb4   0x00000060   Code   RO         2252    i.SystemInit        system_stm32f10x.o
    0x08002c14   0x08002c14   0x0000000c   Code   RO            4    i.UARTx_Getc        main.o
    0x08002c20   0x08002c20   0x000000e8   Code   RO            5    i.USART1_IRQHandler  main.o
    0x08002d08   0x08002d08   0x00000018   Code   RO         2054    i.USART_Cmd         stm32f10x_usart.o
    0x08002d20   0x08002d20   0x0000001a   Code   RO         2057    i.USART_GetFlagStatus  stm32f10x_usart.o
    0x08002d3a   0x08002d3a   0x00000054   Code   RO         2058    i.USART_GetITStatus  stm32f10x_usart.o
    0x08002d8e   0x08002d8e   0x0000004a   Code   RO         2060    i.USART_ITConfig    stm32f10x_usart.o
    0x08002dd8   0x08002dd8   0x000000d8   Code   RO         2061    i.USART_Init        stm32f10x_usart.o
    0x08002eb0   0x08002eb0   0x0000000a   Code   RO         2068    i.USART_ReceiveData  stm32f10x_usart.o
    0x08002eba   0x08002eba   0x00000008   Code   RO         2071    i.USART_SendData    stm32f10x_usart.o
    0x08002ec2   0x08002ec2   0x00000028   Code   RO         3837    i.__ARM_fpclassify  m_ws.l(fpclassify.o)
    0x08002eea   0x08002eea   0x0000000e   Code   RO         3965    i.__mathlib_dbl_overflow  m_ws.l(dunder.o)
    0x08002ef8   0x08002ef8   0x00000010   Code   RO         3967    i.__mathlib_dbl_underflow  m_ws.l(dunder.o)
    0x08002f08   0x08002f08   0x00000010   Code   RO         3839    i.__mathlib_narrow  m_ws.l(narrow.o)
    0x08002f18   0x08002f18   0x000000bc   Code   RO         3840    i.__mathlib_tofloat  m_ws.l(narrow.o)
    0x08002fd4   0x08002fd4   0x00000016   Code   RO         3937    i.__support_ldexp   m_ws.l(ldexp.o)
    0x08002fea   0x08002fea   0x00000002   PAD
    0x08002fec   0x08002fec   0x00000064   Code   RO          768    i.__user_perthread_libspace  clib_arm.o
    0x08003050   0x08003050   0x0000000e   Code   RO         3662    i._is_digit         c_w.l(__printf_wp.o)
    0x0800305e   0x0800305e   0x00000016   Code   RO          769    i._mutex_acquire    clib_arm.o
    0x08003074   0x08003074   0x00000034   Code   RO          770    i._mutex_free       clib_arm.o
    0x080030a8   0x080030a8   0x00000060   Code   RO          771    i._mutex_initialize  clib_arm.o
    0x08003108   0x08003108   0x00000018   Code   RO          772    i._mutex_release    clib_arm.o
    0x08003120   0x08003120   0x00000002   Code   RO          773    i._platform_post_stackheap_init  clib_arm.o
    0x08003122   0x08003122   0x00000018   Code   RO          640    i.delayMs           step.o
    0x0800313a   0x0800313a   0x00000002   PAD
    0x0800313c   0x0800313c   0x000000b0   Code   RO            6    i.docnhietdo        main.o
    0x080031ec   0x080031ec   0x0000006c   Code   RO            7    i.dongco            main.o
    0x08003258   0x08003258   0x00000058   Code   RO         3916    i.frexp             m_ws.l(frexp.o)
    0x080032b0   0x080032b0   0x0000003c   Code   RO            8    i.gpio_Init         main.o
    0x080032ec   0x080032ec   0x000000a4   Code   RO          297    i.i2c_add           i2c_drive.o
    0x08003390   0x08003390   0x00000058   Code   RO          298    i.i2c_data          i2c_drive.o
    0x080033e8   0x080033e8   0x000000dc   Code   RO          299    i.i2c_init          i2c_drive.o
    0x080034c4   0x080034c4   0x0000004c   Code   RO          301    i.i2c_start         i2c_drive.o
    0x08003510   0x08003510   0x00000054   Code   RO          302    i.i2c_stop          i2c_drive.o
    0x08003564   0x08003564   0x000000b4   Code   RO          225    i.init_GP           gp_drive.o
    0x08003618   0x08003618   0x00000080   Code   RO          363    i.lcd_i2c_cmd       lcd_1602_drive.o
    0x08003698   0x08003698   0x00000080   Code   RO          364    i.lcd_i2c_data      lcd_1602_drive.o
    0x08003718   0x08003718   0x00000126   Code   RO          365    i.lcd_i2c_init      lcd_1602_drive.o
    0x0800383e   0x0800383e   0x00000054   Code   RO          366    i.lcd_i2c_msg       lcd_1602_drive.o
    0x08003892   0x08003892   0x00000022   Code   RO          368    i.lcd_i2c_send      lcd_1602_drive.o
    0x080038b4   0x080038b4   0x00000074   Code   RO         3938    i.ldexp             m_ws.l(ldexp.o)
    0x08003928   0x08003928   0x000000c4   Code   RO            9    i.main              main.o
    0x080039ec   0x080039ec   0x00000120   Code   RO           10    i.mainmenu          main.o
    0x08003b0c   0x08003b0c   0x00000024   Code   RO           11    i.mannhietdo        main.o
    0x08003b30   0x08003b30   0x0000008c   Code   RO           12    i.mansetting1       main.o
    0x08003bbc   0x08003bbc   0x00000012   Code   RO          774    i.os_kernel_is_active  clib_arm.o
    0x08003bce   0x08003bce   0x00000002   PAD
    0x08003bd0   0x08003bd0   0x000000a4   Code   RO         3068    i.prvAddCurrentTaskToDelayedList  tasks.o
    0x08003c74   0x08003c74   0x000000e8   Code   RO         3069    i.prvAddNewTaskToReadyList  tasks.o
    0x08003d5c   0x08003d5c   0x0000005c   Code   RO         3465    i.prvCheckForValidListAndQueue  timers.o
    0x08003db8   0x08003db8   0x00000048   Code   RO         3070    i.prvCheckTasksWaitingTermination  tasks.o
    0x08003e00   0x08003e00   0x0000002a   Code   RO         2666    i.prvCopyDataFromQueue  queue.o
    0x08003e2a   0x08003e2a   0x0000007e   Code   RO         2667    i.prvCopyDataToQueue  queue.o
    0x08003ea8   0x08003ea8   0x00000028   Code   RO         3071    i.prvDeleteTCB      tasks.o
    0x08003ed0   0x08003ed0   0x00000014   Code   RO         2668    i.prvGetDisinheritPriorityAfterTimeout  queue.o
    0x08003ee4   0x08003ee4   0x00000028   Code   RO         3466    i.prvGetNextExpireTime  timers.o
    0x08003f0c   0x08003f0c   0x0000007c   Code   RO         2516    i.prvHeapInit       heap_4.o
    0x08003f88   0x08003f88   0x00000028   Code   RO         3072    i.prvIdleTask       tasks.o
    0x08003fb0   0x08003fb0   0x0000001e   Code   RO         2669    i.prvInitialiseMutex  queue.o
    0x08003fce   0x08003fce   0x0000002a   Code   RO         2670    i.prvInitialiseNewQueue  queue.o
    0x08003ff8   0x08003ff8   0x0000009a   Code   RO         3073    i.prvInitialiseNewTask  tasks.o
    0x08004092   0x08004092   0x00000002   PAD
    0x08004094   0x08004094   0x00000068   Code   RO         3074    i.prvInitialiseTaskLists  tasks.o
    0x080040fc   0x080040fc   0x00000068   Code   RO         2517    i.prvInsertBlockIntoFreeList  heap_4.o
    0x08004164   0x08004164   0x00000058   Code   RO         3468    i.prvInsertTimerInActiveList  timers.o
    0x080041bc   0x080041bc   0x0000001a   Code   RO         2671    i.prvIsQueueEmpty   queue.o
    0x080041d6   0x080041d6   0x0000001e   Code   RO         2672    i.prvIsQueueFull    queue.o
    0x080041f4   0x080041f4   0x00000044   Code   RO         3469    i.prvProcessExpiredTimer  timers.o
    0x08004238   0x08004238   0x00000110   Code   RO         3470    i.prvProcessReceivedCommands  timers.o
    0x08004348   0x08004348   0x00000074   Code   RO         3471    i.prvProcessTimerOrBlockTask  timers.o
    0x080043bc   0x080043bc   0x00000028   Code   RO         3472    i.prvReloadTimer    timers.o
    0x080043e4   0x080043e4   0x00000030   Code   RO         3076    i.prvResetNextTaskUnblockTime  tasks.o
    0x08004414   0x08004414   0x0000002c   Code   RO         3473    i.prvSampleTimeNow  timers.o
    0x08004440   0x08004440   0x00000044   Code   RO         3474    i.prvSwitchTimerLists  timers.o
    0x08004484   0x08004484   0x00000016   Code   RO         2584    i.prvTaskExitError  port.o
    0x0800449a   0x0800449a   0x0000001a   Code   RO         3475    i.prvTimerTask      timers.o
    0x080044b4   0x080044b4   0x0000007e   Code   RO         2673    i.prvUnlockQueue    queue.o
    0x08004532   0x08004532   0x00000002   PAD
    0x08004534   0x08004534   0x000000fc   Code   RO         2518    i.pvPortMalloc      heap_4.o
    0x08004630   0x08004630   0x00000020   Code   RO         3079    i.pvTaskIncrementMutexHeldCount  tasks.o
    0x08004650   0x08004650   0x00000024   Code   RO         2585    i.pxPortInitialiseStack  port.o
    0x08004674   0x08004674   0x0000010c   Code   RO           13    i.setting           main.o
    0x08004780   0x08004780   0x00000018   Code   RO          487    i.systick_init      systick_time.o
    0x08004798   0x08004798   0x0000009c   Code   RO           14    i.truyen_nhan       main.o
    0x08004834   0x08004834   0x000000ac   Code   RO           15    i.uart_Init         main.o
    0x080048e0   0x080048e0   0x00000020   Code   RO           16    i.uart_SendChar     main.o
    0x08004900   0x08004900   0x00000016   Code   RO           17    i.uart_SendStr      main.o
    0x08004916   0x08004916   0x00000028   Code   RO         2465    i.uxListRemove      list.o
    0x0800493e   0x0800493e   0x00000002   PAD
    0x08004940   0x08004940   0x00000018   Code   RO          909    i.vApplicationGetIdleTaskMemory  cmsis_os2.o
    0x08004958   0x08004958   0x00000018   Code   RO          910    i.vApplicationGetTimerTaskMemory  cmsis_os2.o
    0x08004970   0x08004970   0x00000002   Code   RO          911    i.vApplicationStackOverflowHook  cmsis_os2.o
    0x08004972   0x08004972   0x0000001a   Code   RO         2466    i.vListInitialise   list.o
    0x0800498c   0x0800498c   0x00000006   Code   RO         2467    i.vListInitialiseItem  list.o
    0x08004992   0x08004992   0x00000034   Code   RO         2468    i.vListInsert       list.o
    0x080049c6   0x080049c6   0x00000002   PAD
    0x080049c8   0x080049c8   0x00000024   Code   RO         2587    i.vPortEnterCritical  port.o
    0x080049ec   0x080049ec   0x00000020   Code   RO         2588    i.vPortExitCritical  port.o
    0x08004a0c   0x08004a0c   0x00000058   Code   RO         2519    i.vPortFree         heap_4.o
    0x08004a64   0x08004a64   0x00000028   Code   RO         2589    i.vPortSetupTimerInterrupt  port.o
    0x08004a8c   0x08004a8c   0x00000014   Code   RO         2679    i.vQueueDelete      queue.o
    0x08004aa0   0x08004aa0   0x0000004a   Code   RO         2681    i.vQueueWaitForMessageRestricted  queue.o
    0x08004aea   0x08004aea   0x00000002   PAD
    0x08004aec   0x08004aec   0x00000018   Code   RO         3094    i.vTaskInternalSetTimeOutState  tasks.o
    0x08004b04   0x08004b04   0x0000000c   Code   RO         3095    i.vTaskMissedYield  tasks.o
    0x08004b10   0x08004b10   0x00000020   Code   RO         3096    i.vTaskPlaceOnEventList  tasks.o
    0x08004b30   0x08004b30   0x0000004c   Code   RO         3097    i.vTaskPlaceOnEventListRestricted  tasks.o
    0x08004b7c   0x08004b7c   0x000000c0   Code   RO         3099    i.vTaskPriorityDisinheritAfterTimeout  tasks.o
    0x08004c3c   0x08004c3c   0x0000009c   Code   RO         3105    i.vTaskStartScheduler  tasks.o
    0x08004cd8   0x08004cd8   0x00000010   Code   RO         3107    i.vTaskSuspendAll   tasks.o
    0x08004ce8   0x08004ce8   0x000000b0   Code   RO         3108    i.vTaskSwitchContext  tasks.o
    0x08004d98   0x08004d98   0x00000034   Code   RO         2590    i.xPortStartScheduler  port.o
    0x08004dcc   0x08004dcc   0x00000034   Code   RO         2591    i.xPortSysTickHandler  port.o
    0x08004e00   0x08004e00   0x00000022   Code   RO         2684    i.xQueueCreateMutex  queue.o
    0x08004e22   0x08004e22   0x0000002a   Code   RO         2685    i.xQueueCreateMutexStatic  queue.o
    0x08004e4c   0x08004e4c   0x00000052   Code   RO         2686    i.xQueueGenericCreate  queue.o
    0x08004e9e   0x08004e9e   0x0000003e   Code   RO         2687    i.xQueueGenericCreateStatic  queue.o
    0x08004edc   0x08004edc   0x000000a0   Code   RO         2688    i.xQueueGenericReset  queue.o
    0x08004f7c   0x08004f7c   0x00000118   Code   RO         2689    i.xQueueGenericSend  queue.o
    0x08005094   0x08005094   0x00000104   Code   RO         2699    i.xQueueReceive     queue.o
    0x08005198   0x08005198   0x00000130   Code   RO         2701    i.xQueueSemaphoreTake  queue.o
    0x080052c8   0x080052c8   0x00000060   Code   RO         3110    i.xTaskCheckForTimeOut  tasks.o
    0x08005328   0x08005328   0x00000064   Code   RO         3111    i.xTaskCreate       tasks.o
    0x0800538c   0x0800538c   0x0000004e   Code   RO         3112    i.xTaskCreateStatic  tasks.o
    0x080053da   0x080053da   0x00000002   PAD
    0x080053dc   0x080053dc   0x0000000c   Code   RO         3118    i.xTaskGetCurrentTaskHandle  tasks.o
    0x080053e8   0x080053e8   0x00000020   Code   RO         3119    i.xTaskGetSchedulerState  tasks.o
    0x08005408   0x08005408   0x0000000c   Code   RO         3120    i.xTaskGetTickCount  tasks.o
    0x08005414   0x08005414   0x00000190   Code   RO         3122    i.xTaskIncrementTick  tasks.o
    0x080055a4   0x080055a4   0x00000094   Code   RO         3123    i.xTaskPriorityDisinherit  tasks.o
    0x08005638   0x08005638   0x000000d8   Code   RO         3124    i.xTaskPriorityInherit  tasks.o
    0x08005710   0x08005710   0x00000108   Code   RO         3125    i.xTaskRemoveFromEventList  tasks.o
    0x08005818   0x08005818   0x00000158   Code   RO         3126    i.xTaskResumeAll    tasks.o
    0x08005970   0x08005970   0x00000060   Code   RO         3484    i.xTimerCreateTimerTask  timers.o
    0x080059d0   0x080059d0   0x0000002c   Code   RO         3823    locale$$code        c_w.l(lc_numeric_c.o)
    0x080059fc   0x080059fc   0x0000002c   Code   RO         3924    locale$$code        c_w.l(lc_ctype_c.o)
    0x08005a28   0x08005a28   0x00000062   Code   RO         3691    x$fpl$d2f           fz_ws.l(d2f.o)
    0x08005a8a   0x08005a8a   0x00000002   PAD
    0x08005a8c   0x08005a8c   0x00000150   Code   RO         3693    x$fpl$dadd          fz_ws.l(daddsub_clz.o)
    0x08005bdc   0x08005bdc   0x00000010   Code   RO         3959    x$fpl$dcheck1       fz_ws.l(dcheck1.o)
    0x08005bec   0x08005bec   0x00000018   Code   RO         3928    x$fpl$dcmpinf       fz_ws.l(dcmpi.o)
    0x08005c04   0x08005c04   0x00000078   Code   RO         3911    x$fpl$deqf          fz_ws.l(deqf.o)
    0x08005c7c   0x08005c7c   0x00000078   Code   RO         3930    x$fpl$dleqf         fz_ws.l(dleqf.o)
    0x08005cf4   0x08005cf4   0x0000009c   Code   RO         3747    x$fpl$dnaninf       fz_ws.l(dnaninf.o)
    0x08005d90   0x08005d90   0x0000000c   Code   RO         3749    x$fpl$dretinf       fz_ws.l(dretinf.o)
    0x08005d9c   0x08005d9c   0x0000006c   Code   RO         3913    x$fpl$drleqf        fz_ws.l(drleqf.o)
    0x08005e08   0x08005e08   0x000001d4   Code   RO         3695    x$fpl$dsub          fz_ws.l(daddsub_clz.o)
    0x08005fdc   0x08005fdc   0x00000056   Code   RO         3699    x$fpl$f2d           fz_ws.l(f2d.o)
    0x08006032   0x08006032   0x00000002   PAD
    0x08006034   0x08006034   0x000000c4   Code   RO         3701    x$fpl$fadd          fz_ws.l(faddsub_clz.o)
    0x080060f8   0x080060f8   0x00000018   Code   RO         3751    x$fpl$fcmpinf       fz_ws.l(fcmpi.o)
    0x08006110   0x08006110   0x00000184   Code   RO         3708    x$fpl$fdiv          fz_ws.l(fdiv.o)
    0x08006294   0x08006294   0x00000068   Code   RO         3711    x$fpl$feqf          fz_ws.l(feqf.o)
    0x080062fc   0x080062fc   0x00000026   Code   RO         3713    x$fpl$ffltu         fz_ws.l(fflt_clz.o)
    0x08006322   0x08006322   0x00000002   PAD
    0x08006324   0x08006324   0x00000068   Code   RO         3719    x$fpl$fleqf         fz_ws.l(fleqf.o)
    0x0800638c   0x0800638c   0x0000008c   Code   RO         3753    x$fpl$fnaninf       fz_ws.l(fnaninf.o)
    0x08006418   0x08006418   0x0000000a   Code   RO         3755    x$fpl$fretinf       fz_ws.l(fretinf.o)
    0x08006422   0x08006422   0x00000062   Code   RO         3721    x$fpl$frleqf        fz_ws.l(frleqf.o)
    0x08006484   0x08006484   0x000000ea   Code   RO         3703    x$fpl$fsub          fz_ws.l(faddsub_clz.o)
    0x0800656e   0x0800656e   0x00000006   Code   RO         3829    x$fpl$ieeestatus    fz_ws.l(istatus.o)
    0x08006574   0x08006574   0x00000004   Code   RO         3723    x$fpl$printf1       fz_ws.l(printf1.o)
    0x08006578   0x08006578   0x00000064   Code   RO         3995    x$fpl$retnan        fz_ws.l(retnan.o)
    0x080065dc   0x080065dc   0x0000005c   Code   RO         3934    x$fpl$scalbn        fz_ws.l(scalbn.o)
    0x08006638   0x08006638   0x00000004   Code   RO         3725    x$fpl$scanf1        fz_ws.l(scanf1.o)
    0x0800663c   0x0800663c   0x00000008   Code   RO         3831    x$fpl$scanf2        fz_ws.l(scanf2.o)
    0x08006644   0x08006644   0x00000030   Code   RO         4022    x$fpl$trapveneer    fz_ws.l(trapv.o)
    0x08006674   0x08006674   0x00000000   Code   RO         3757    x$fpl$usenofp       fz_ws.l(usenofp.o)
    0x08006674   0x08006674   0x00000094   Data   RO         3798    .constdata          c_w.l(bigflt0.o)
    0x08006708   0x08006708   0x00000020   Data   RO         4048    Region$$Table       anon$$obj.o
    0x08006728   0x08006728   0x00000008   Data   RO         3825    c$$dinf             fz_ws.l(fpconst.o)
    0x08006730   0x08006730   0x00000008   Data   RO         3828    c$$dmax             fz_ws.l(fpconst.o)
    0x08006738   0x08006738   0x0000001c   Data   RO         3822    locale$$data        c_w.l(lc_numeric_c.o)
    0x08006754   0x08006754   0x00000110   Data   RO         3923    locale$$data        c_w.l(lc_ctype_c.o)


    Execution Region ER_RW (Exec base: 0x20000000, Load base: 0x08006864, Size: 0x00000100, Max: 0xffffffff, ABSOLUTE)

    Exec Addr    Load Addr    Size         Type   Attr      Idx    E Section Name        Object

    0x20000000   0x08006864   0x00000060   Data   RW           19    .data               main.o
    0x20000060   0x080068c4   0x00000014   Data   RW         1870    .data               stm32f10x_rcc.o
    0x20000074   0x080068d8   0x00000014   Data   RW         2253    .data               system_stm32f10x.o
    0x20000088   0x080068ec   0x00000020   Data   RW         2525    .data               heap_4.o
    0x200000a8   0x0800690c   0x00000004   Data   RW         2592    .data               port.o
    0x200000ac   0x08006910   0x00000040   Data   RW         3129    .data               tasks.o
    0x200000ec   0x08006950   0x00000014   Data   RW         3493    .data               timers.o


    Execution Region ER_ZI (Exec base: 0x20000100, Load base: 0x08006964, Size: 0x000034b8, Max: 0xffffffff, ABSOLUTE)

    Exec Addr    Load Addr    Size         Type   Attr      Idx    E Section Name        Object

    0x20000100        -       0x00000140   Zero   RW           18    .bss                main.o
    0x20000240        -       0x00000394   Zero   RW          775    .bss                clib_arm.o
    0x200005d4        -       0x000003f8   Zero   RW          912    .bss                cmsis_os2.o
    0x200009cc        -       0x00002000   Zero   RW         2524    .bss                heap_4.o
    0x200029cc        -       0x000004c4   Zero   RW         3128    .bss                tasks.o
    0x20002e90        -       0x000000c8   Zero   RW         3492    .bss                timers.o
    0x20002f58        -       0x00000060   Zero   RW         3846    .bss                c_w.l(libspace.o)
    0x20002fb8        -       0x00000200   Zero   RW         2240    HEAP                startup_stm32f10x_md.o
    0x200031b8        -       0x00000400   Zero   RW         2239    STACK               startup_stm32f10x_md.o


==============================================================================

Image component sizes


      Code (inc. data)   RO Data    RW Data    ZI Data      Debug   Object Name

       314         28          0          0        916       8596   clib_arm.o
        72         20          0          0       1016      30903   cmsis_os2.o
       472         32          0          0          0       4155   dht11.o
         0          0          0          0          0      11908   event_groups.o
       180         16          0          0          0        698   gp_drive.o
       568         72          0         32       8192       4343   heap_4.o
       632         46          0          0          0       2579   i2c_drive.o
       668          0          0          0          0       2985   lcd_1602_drive.o
       124          0          0          0          0      12357   list.o
      1898        432          0         96        320     292065   main.o
        54          0          0          0          0       1004   pcf8574_drive.o
       420         48          0          4          0       9380   port.o
      1760         16          0          0          0      18455   queue.o
        64         26        236          0       1536        792   startup_stm32f10x_md.o
        24          0          0          0          0        434   step.o
       304          0          0          0          0       4200   stm32f10x_gpio.o
       244         26          0         20          0       4273   stm32f10x_rcc.o
       442          6          0          0          0       6917   stm32f10x_usart.o
       492         50          0         20          0       2893   system_stm32f10x.o
       126          6          0          0          0       2058   systick_time.o
      3272        372          0         64       1220      45760   tasks.o
       950        110          0         20        200      11816   timers.o

    ----------------------------------------------------------------------
     13100       1306        268        256      13400     478571   Object Totals
         0          0         32          0          0          0   (incl. Generated)
        20          0          0          0          0          0   (incl. Padding)

    ----------------------------------------------------------------------

      Code (inc. data)   RO Data    RW Data    ZI Data      Debug   Library Member Name

        60          8          0          0          0         84   __0sscanf.o
         8          0          0          0          0         68   __main.o
       284          0          0          0          0        156   __printf_wp.o
         0          0          0          0          0          0   __rtentry.o
        20          0          0          0          0          0   __rtentry2.o
         6          0          0          0          0          0   __rtentry4.o
        52          8          0          0          0          0   __scatter.o
        26          0          0          0          0          0   __scatter_copy.o
        28          0          0          0          0          0   __scatter_zi.o
        28          0          0          0          0         68   _chval.o
        48          6          0          0          0         96   _printf_char_common.o
         6          0          0          0          0          0   _printf_d.o
       120         16          0          0          0         92   _printf_dec.o
         6          0          0          0          0          0   _printf_f.o
      1054          0          0          0          0        216   _printf_fp_dec.o
       128         16          0          0          0         84   _printf_fp_infnan.o
       178          0          0          0          0         88   _printf_intcommon.o
         0          0          0          0          0          0   _printf_percent.o
         4          0          0          0          0          0   _printf_percent_end.o
        22          0          0          0          0        100   _rserrno.o
       884          6          0          0          0        100   _scanf.o
       332          0          0          0          0         96   _scanf_int.o
        64          0          0          0          0         84   _sgetc.o
        10          0          0          0          0         68   _sputc.o
        16          0          0          0          0         68   aeabi_memset.o
       228          4        148          0          0         96   bigflt0.o
      2152        136          0          0          0        960   btod.o
        18          0          0          0          0         80   exit.o
         6          0          0          0          0        152   heapauxi.o
         0          0          0          0          0          0   indicate_semi.o
        18          0          0          0          0         76   isspace.o
        44         10        272          0          0         76   lc_ctype_c.o
        44         10         28          0          0         76   lc_numeric_c.o
         2          0          0          0          0          0   libinit.o
        30          0          0          0          0          0   libinit2.o
         2          0          0          0          0          0   libshutdown.o
         2          0          0          0          0          0   libshutdown2.o
         8          4          0          0         96         68   libspace.o
        38          0          0          0          0         68   llshl.o
       138          0          0          0          0         80   lludiv10.o
        40          6          0          0          0         84   noretval__2sprintf.o
        16          4          0          0          0         76   rt_ctype_table.o
         4          0          0          0          0         68   rt_errno_addr_twolibspace.o
        10          0          0          0          0         76   rt_locale_twolibspace.o
        68          0          0          0          0         68   rt_memclr.o
        78          0          0          0          0         80   rt_memclr_w.o
       138          0          0          0          0         68   rt_memcpy_v6.o
       100          0          0          0          0         80   rt_memcpy_w.o
         2          0          0          0          0          0   rtexit.o
        10          0          0          0          0          0   rtexit2.o
        44          8          0          0          0         84   scanf_char.o
      1272         16          0          0          0        168   scanf_fp.o
       800         14          0          0          0        100   scanf_hexfp.o
       308         16          0          0          0        100   scanf_infnan.o
       128          0          0          0          0         68   strcmpv7m.o
        12          4          0          0          0         68   sys_exit.o
        74          0          0          0          0         80   sys_stackheap_outer.o
         2          0          0          0          0         68   use_no_semi.o
        98          4          0          0          0         92   d2f.o
       804         16          0          0          0        272   daddsub_clz.o
        16          4          0          0          0         68   dcheck1.o
        24          0          0          0          0         68   dcmpi.o
       120          4          0          0          0         92   deqf.o
       120          4          0          0          0         92   dleqf.o
       156          4          0          0          0         92   dnaninf.o
        12          0          0          0          0         68   dretinf.o
       108          0          0          0          0         80   drleqf.o
        86          4          0          0          0         84   f2d.o
       430          8          0          0          0        168   faddsub_clz.o
        24          0          0          0          0         68   fcmpi.o
       388         76          0          0          0         96   fdiv.o
       104          4          0          0          0         84   feqf.o
        38          0          0          0          0         68   fflt_clz.o
       104          4          0          0          0         84   fleqf.o
       140          4          0          0          0         84   fnaninf.o
         0          0         16          0          0          0   fpconst.o
        10          0          0          0          0         68   fretinf.o
        98          0          0          0          0         68   frleqf.o
         6          0          0          0          0         68   istatus.o
         4          0          0          0          0         68   printf1.o
       100          0          0          0          0         68   retnan.o
        92          0          0          0          0         68   scalbn.o
         4          0          0          0          0         68   scanf1.o
         8          0          0          0          0         84   scanf2.o
        48          0          0          0          0         68   trapv.o
         0          0          0          0          0          0   usenofp.o
        30          6          0          0          0        136   dunder.o
        40          0          0          0          0         68   fpclassify.o
        88          8          0          0          0         76   frexp.o
       138          0          0          0          0        160   ldexp.o
       204          4          0          0          0        168   narrow.o

    ----------------------------------------------------------------------
     12892        448        464          0         96       7432   Library Totals
        30          2          0          0          0          0   (incl. Padding)

    ----------------------------------------------------------------------

      Code (inc. data)   RO Data    RW Data    ZI Data      Debug   Library Name

      9220        292        448          0         96       4536   c_w.l
      3142        136         16          0          0       2288   fz_ws.l
       500         18          0          0          0        608   m_ws.l

    ----------------------------------------------------------------------
     12892        448        464          0         96       7432   Library Totals

    ----------------------------------------------------------------------

==============================================================================


      Code (inc. data)   RO Data    RW Data    ZI Data      Debug   

     25992       1754        732        256      13496     474351   Grand Totals
     25992       1754        732        256      13496     474351   ELF Image Totals
     25992       1754        732        256          0          0   ROM Totals

==============================================================================

    Total RO  Size (Code + RO Data)                26724 (  26.10kB)
    Total RW  Size (RW Data + ZI Data)             13752 (  13.43kB)
    Total ROM Size (Code + RO Data + RW Data)      26980 (  26.35kB)

==============================================================================

